Component: Arm Compiler for Embedded 6.21 Tool: armlink [5ec1fa00]

==============================================================================

Section Cross References

    startup_stm32f446xx.o(STACK) refers (Special) to heapauxi.o(.text) for __use_two_region_memory
    startup_stm32f446xx.o(HEAP) refers (Special) to heapauxi.o(.text) for __use_two_region_memory
    startup_stm32f446xx.o(RESET) refers (Special) to heapauxi.o(.text) for __use_two_region_memory
    startup_stm32f446xx.o(RESET) refers to startup_stm32f446xx.o(STACK) for __initial_sp
    startup_stm32f446xx.o(RESET) refers to startup_stm32f446xx.o(.text) for Reset_Handler
    startup_stm32f446xx.o(RESET) refers to stm32f4xx_it.o(.text.NMI_Handler) for NMI_Handler
    startup_stm32f446xx.o(RESET) refers to stm32f4xx_it.o(.text.HardFault_Handler) for HardFault_Handler
    startup_stm32f446xx.o(RESET) refers to stm32f4xx_it.o(.text.MemManage_Handler) for MemManage_Handler
    startup_stm32f446xx.o(RESET) refers to stm32f4xx_it.o(.text.BusFault_Handler) for BusFault_Handler
    startup_stm32f446xx.o(RESET) refers to stm32f4xx_it.o(.text.UsageFault_Handler) for UsageFault_Handler
    startup_stm32f446xx.o(RESET) refers to stm32f4xx_it.o(.text.SVC_Handler) for SVC_Handler
    startup_stm32f446xx.o(RESET) refers to stm32f4xx_it.o(.text.DebugMon_Handler) for DebugMon_Handler
    startup_stm32f446xx.o(RESET) refers to stm32f4xx_it.o(.text.PendSV_Handler) for PendSV_Handler
    startup_stm32f446xx.o(RESET) refers to stm32f4xx_it.o(.text.SysTick_Handler) for SysTick_Handler
    startup_stm32f446xx.o(RESET) refers to stm32f4xx_it.o(.text.DMA1_Stream3_IRQHandler) for DMA1_Stream3_IRQHandler
    startup_stm32f446xx.o(RESET) refers to stm32f4xx_it.o(.text.USART3_IRQHandler) for USART3_IRQHandler
    startup_stm32f446xx.o(RESET) refers to stm32f4xx_it.o(.text.EXTI15_10_IRQHandler) for EXTI15_10_IRQHandler
    startup_stm32f446xx.o(RESET) refers to stm32f4xx_it.o(.text.TIM6_DAC_IRQHandler) for TIM6_DAC_IRQHandler
    startup_stm32f446xx.o(RESET) refers to stm32f4xx_it.o(.text.DMA2_Stream1_IRQHandler) for DMA2_Stream1_IRQHandler
    startup_stm32f446xx.o(RESET) refers to stm32f4xx_it.o(.text.DCMI_IRQHandler) for DCMI_IRQHandler
    startup_stm32f446xx.o(.text) refers (Special) to heapauxi.o(.text) for __use_two_region_memory
    startup_stm32f446xx.o(.text) refers to system_stm32f4xx.o(.text.SystemInit) for SystemInit
    startup_stm32f446xx.o(.text) refers to __main.o(!!!main) for __main
    startup_stm32f446xx.o(.text) refers to startup_stm32f446xx.o(HEAP) for Heap_Mem
    startup_stm32f446xx.o(.text) refers to startup_stm32f446xx.o(STACK) for Stack_Mem
    ov7670.o(.text) refers (Special) to _printf_percent.o(.ARM.Collect$$_printf_percent$$00000000) for _printf_percent
    ov7670.o(.text) refers (Special) to _printf_x.o(.ARM.Collect$$_printf_percent$$0000000C) for _printf_x
    ov7670.o(.text) refers (Special) to _printf_hex_int.o(.text) for _printf_longlong_hex
    ov7670.o(.text.ov7670_init) refers (Special) to _printf_percent.o(.ARM.Collect$$_printf_percent$$00000000) for _printf_percent
    ov7670.o(.text.ov7670_init) refers (Special) to _printf_x.o(.ARM.Collect$$_printf_percent$$0000000C) for _printf_x
    ov7670.o(.text.ov7670_init) refers (Special) to _printf_hex_int.o(.text) for _printf_longlong_hex
    ov7670.o(.text.ov7670_init) refers to config.o(.text.print_msg) for print_msg
    ov7670.o(.text.ov7670_init) refers to stm32f4xx_hal.o(.text.HAL_Delay) for HAL_Delay
    ov7670.o(.text.ov7670_init) refers to ov7670.o(.rodata.str1.1) for .L.str.2
    ov7670.o(.text.ov7670_init) refers to config.o(.bss.hi2c2) for hi2c2
    ov7670.o(.text.ov7670_init) refers to stm32f4xx_hal_i2c.o(.text.HAL_I2C_Master_Transmit) for HAL_I2C_Master_Transmit
    ov7670.o(.text.ov7670_init) refers to stm32f4xx_hal_i2c.o(.text.HAL_I2C_Master_Receive) for HAL_I2C_Master_Receive
    ov7670.o(.text.ov7670_init) refers to ov7670.o(.rodata.OV7670_reg) for OV7670_reg
    ov7670.o(.text.ov7670_init) refers to ov7670.o(.bss.together) for together
    ov7670.o(.text.ov7670_init) refers to h1_alloc.o(.text) for malloc
    ov7670.o(.text.ov7670_init) refers to h1_free.o(.text) for free
    ov7670.o(.text.ov7670_init) refers to noretval__2sprintf.o(.text) for __2sprintf
    ov7670.o(.ARM.exidx.text.ov7670_init) refers (Special) to _printf_percent.o(.ARM.Collect$$_printf_percent$$00000000) for _printf_percent
    ov7670.o(.ARM.exidx.text.ov7670_init) refers (Special) to _printf_x.o(.ARM.Collect$$_printf_percent$$0000000C) for _printf_x
    ov7670.o(.ARM.exidx.text.ov7670_init) refers (Special) to _printf_hex_int.o(.text) for _printf_longlong_hex
    ov7670.o(.ARM.exidx.text.ov7670_init) refers to ov7670.o(.text.ov7670_init) for [Anonymous Symbol]
    ov7670.o(.text.ov7670_read) refers (Special) to _printf_percent.o(.ARM.Collect$$_printf_percent$$00000000) for _printf_percent
[...]
    .text                                    0x08000788   Section        8  libspace.o(.text)
    .text                                    0x08000790   Section        0  maybetermalloc1.o(.text)
    .text                                    0x08000790   Section        0  h1_extend.o(.text)
    .text                                    0x080007c4   Section        0  defsig_rtmem_outer.o(.text)
    .text                                    0x080007d2   Section        2  use_no_semi.o(.text)
    .text                                    0x080007d4   Section        0  indicate_semi.o(.text)
    .text                                    0x080007d4   Section       74  sys_stackheap_outer.o(.text)
    .text                                    0x0800081e   Section        0  exit.o(.text)
    .text                                    0x08000830   Section        0  defsig_exit.o(.text)
    .text                                    0x0800083c   Section        0  defsig_rtmem_inner.o(.text)
    .text                                    0x0800088c   Section        0  sys_exit.o(.text)
    .text                                    0x08000898   Section        0  defsig_general.o(.text)
    .text                                    0x080008ca   Section        0  sys_wrch.o(.text)
    [Anonymous Symbol]                       0x080008d8   Section        0  stm32f4xx_it.o(.text.BusFault_Handler)
    DCMI_DMAError                            0x080008dd   Thumb Code    20  stm32f4xx_hal_dcmi.o(.text.DCMI_DMAError)
    [Anonymous Symbol]                       0x080008dc   Section        0  stm32f4xx_hal_dcmi.o(.text.DCMI_DMAError)
    DCMI_DMAXferCplt                         0x080008f1   Thumb Code   134  stm32f4xx_hal_dcmi.o(.text.DCMI_DMAXferCplt)
    [Anonymous Symbol]                       0x080008f0   Section        0  stm32f4xx_hal_dcmi.o(.text.DCMI_DMAXferCplt)
    [Anonymous Symbol]                       0x08000978   Section        0  stm32f4xx_it.o(.text.DCMI_IRQHandler)
    [Anonymous Symbol]                       0x08000984   Section        0  stm32f4xx_it.o(.text.DMA1_Stream3_IRQHandler)
    [Anonymous Symbol]                       0x0800099c   Section        0  stm32f4xx_it.o(.text.DMA2_Stream1_IRQHandler)
    [Anonymous Symbol]                       0x080009b4   Section        0  stm32f4xx_it.o(.text.DebugMon_Handler)
    [Anonymous Symbol]                       0x080009b8   Section        0  stm32f4xx_it.o(.text.EXTI15_10_IRQHandler)
    [Anonymous Symbol]                       0x080009c0   Section        0  config.o(.text.Error_Handler)
    [Anonymous Symbol]                       0x080009cc   Section        0  stm32f4xx_hal_dcmi.o(.text.HAL_DCMI_ErrorCallback)
    [Anonymous Symbol]                       0x080009d0   Section        0  stm32f4xx_hal_dcmi.o(.text.HAL_DCMI_FrameEventCallback)
    [Anonymous Symbol]                       0x080009d4   Section        0  stm32f4xx_hal_dcmi.o(.text.HAL_DCMI_IRQHandler)
    [Anonymous Symbol]                       0x08000a78   Section        0  stm32f4xx_hal_dcmi_ex.o(.text.HAL_DCMI_Init)
    [Anonymous Symbol]                       0x08000b14   Section        0  stm32f4xx_hal_dcmi.o(.text.HAL_DCMI_LineEventCallback)
    [Anonymous Symbol]                       0x08000b18   Section        0  stm32f4xx_hal_msp.o(.text.HAL_DCMI_MspInit)
    [Anonymous Symbol]                       0x08000cac   Section        0  stm32f4xx_hal_dcmi.o(.text.HAL_DCMI_Resume)
    [Anonymous Symbol]                       0x08000cdc   Section        0  stm32f4xx_hal_dcmi.o(.text.HAL_DCMI_Start_DMA)
    [Anonymous Symbol]                       0x08000de4   Section        0  stm32f4xx_hal_dcmi.o(.text.HAL_DCMI_Stop)
    [Anonymous Symbol]                       0x08000e90   Section        0  stm32f4xx_hal_dcmi.o(.text.HAL_DCMI_Suspend)
    [Anonymous Symbol]                       0x08000f40   Section        0  stm32f4xx_hal_dcmi.o(.text.HAL_DCMI_VsyncEventCallback)
    [Anonymous Symbol]                       0x08000f44   Section        0  stm32f4xx_hal_dma_ex.o(.text.HAL_DMAEx_ChangeMemory)
    [Anonymous Symbol]                       0x08000f58   Section        0  stm32f4xx_hal_dma_ex.o(.text.HAL_DMAEx_MultiBufferStart_IT)
    [Anonymous Symbol]                       0x08001430   Section        0  stm32f4xx_hal_dma.o(.text.HAL_DMA_Abort)
    [Anonymous Symbol]                       0x080014c0   Section        0  stm32f4xx_hal_dma.o(.text.HAL_DMA_Abort_IT)
    [Anonymous Symbol]                       0x080014e4   Section        0  stm32f4xx_hal_dma.o(.text.HAL_DMA_IRQHandler)
    [Anonymous Symbol]                       0x080016a4   Section        0  stm32f4xx_hal_dma.o(.text.HAL_DMA_Init)
    [Anonymous Symbol]                       0x08001808   Section        0  stm32f4xx_hal_dma.o(.text.HAL_DMA_Start_IT)
    [Anonymous Symbol]                       0x080018ac   Section        0  stm32f4xx_hal.o(.text.HAL_Delay)
    [Anonymous Symbol]                       0x080018d4   Section        0  stm32f4xx_hal_gpio.o(.text.HAL_GPIO_EXTI_Callback)
    [Anonymous Symbol]                       0x080018d8   Section        0  stm32f4xx_hal_gpio.o(.text.HAL_GPIO_EXTI_IRQHandler)
    [Anonymous Symbol]                       0x080018f0   Section        0  stm32f4xx_hal_gpio.o(.text.HAL_GPIO_Init)
    [Anonymous Symbol]                       0x08001a90   Section        0  stm32f4xx_hal_gpio.o(.text.HAL_GPIO_WritePin)
    [Anonymous Symbol]                       0x08001a9c   Section        0  stm32f4xx_hal.o(.text.HAL_GetTick)
    [Anonymous Symbol]                       0x08001aa8   Section        0  stm32f4xx_hal_i2c.o(.text.HAL_I2C_Init)
    [Anonymous Symbol]                       0x08001c0c   Section        0  stm32f4xx_hal_i2c.o(.text.HAL_I2C_Master_Receive)
    [Anonymous Symbol]                       0x08002214   Section        0  stm32f4xx_hal_i2c.o(.text.HAL_I2C_Master_Transmit)
    [Anonymous Symbol]                       0x08002648   Section        0  stm32f4xx_hal_msp.o(.text.HAL_I2C_MspInit)
    [Anonymous Symbol]                       0x080026b0   Section        0  stm32f4xx_hal.o(.text.HAL_IncTick)
    [Anonymous Symbol]                       0x080026cc   Section        0  stm32f4xx_hal.o(.text.HAL_Init)
    [Anonymous Symbol]                       0x08002704   Section        0  stm32f4xx_hal.o(.text.HAL_InitTick)
    [Anonymous Symbol]                       0x0800274c   Section        0  stm32f4xx_hal_msp.o(.text.HAL_MspInit)
    [Anonymous Symbol]                       0x08002784   Section        0  stm32f4xx_hal_cortex.o(.text.HAL_NVIC_EnableIRQ)
    [Anonymous Symbol]                       0x080027a8   Section        0  stm32f4xx_hal_cortex.o(.text.HAL_NVIC_SetPriority)
    [Anonymous Symbol]                       0x08002800   Section        0  stm32f4xx_hal_cortex.o(.text.HAL_NVIC_SetPriorityGrouping)
    [Anonymous Symbol]                       0x08002820   Section        0  stm32f4xx_hal_pcd_ex.o(.text.HAL_PCDEx_ActivateLPM)
    [Anonymous Symbol]                       0x08002848   Section        0  stm32f4xx_hal_pcd.o(.text.HAL_PCD_Init)
    [Anonymous Symbol]                       0x08002994   Section        0  stm32f4xx_hal_msp.o(.text.HAL_PCD_MspInit)
    [Anonymous Symbol]                       0x08002a38   Section        0  stm32f4xx_hal_rcc_ex.o(.text.HAL_RCCEx_PeriphCLKConfig)
    [Anonymous Symbol]                       0x08002e78   Section        0  stm32f4xx_hal_rcc.o(.text.HAL_RCC_ClockConfig)
    [Anonymous Symbol]                       0x08002fdc   Section        0  stm32f4xx_hal_rcc.o(.text.HAL_RCC_GetPCLK1Freq)
    [Anonymous Symbol]                       0x08003004   Section        0  stm32f4xx_hal_rcc.o(.text.HAL_RCC_GetPCLK2Freq)
    [Anonymous Symbol]                       0x0800302c   Section        0  stm32f4xx_hal_rcc_ex.o(.text.HAL_RCC_GetSysClockFreq)
    [Anonymous Symbol]                       0x080030d0   Section        0  stm32f4xx_hal_rcc_ex.o(.text.HAL_RCC_OscConfig)
    [Anonymous Symbol]                       0x080034b0   Section        0  stm32f4xx_hal_cortex.o(.text.HAL_SYSTICK_Config)
    [Anonymous Symbol]                       0x080034dc   Section        0  stm32f4xx_hal_tim_ex.o(.text.HAL_TIMEx_BreakCallback)
    [Anonymous Symbol]                       0x080034e0   Section        0  stm32f4xx_hal_tim_ex.o(.text.HAL_TIMEx_CommutCallback)
    [Anonymous Symbol]                       0x080034e4   Section        0  stm32f4xx_hal_tim_ex.o(.text.HAL_TIMEx_ConfigBreakDeadTime)
    [Anonymous Symbol]                       0x08003534   Section        0  stm32f4xx_hal_tim_ex.o(.text.HAL_TIMEx_MasterConfigSynchronization)
    [Anonymous Symbol]                       0x080035f0   Section        0  stm32f4xx_hal_tim.o(.text.HAL_TIM_Base_Init)
    [Anonymous Symbol]                       0x0800364c   Section        0  stm32f4xx_hal_msp.o(.text.HAL_TIM_Base_MspInit)
    [Anonymous Symbol]                       0x08003694   Section        0  stm32f4xx_hal_tim.o(.text.HAL_TIM_IC_CaptureCallback)
    [Anonymous Symbol]                       0x08003698   Section        0  stm32f4xx_hal_tim.o(.text.HAL_TIM_IRQHandler)
    [Anonymous Symbol]                       0x08003808   Section        0  stm32f4xx_hal_msp.o(.text.HAL_TIM_MspPostInit)
    [Anonymous Symbol]                       0x0800385c   Section        0  stm32f4xx_hal_tim.o(.text.HAL_TIM_OC_DelayElapsedCallback)
    [Anonymous Symbol]                       0x08003860   Section        0  stm32f4xx_hal_tim.o(.text.HAL_TIM_PWM_ConfigChannel)
    [Anonymous Symbol]                       0x08003a84   Section        0  stm32f4xx_hal_tim.o(.text.HAL_TIM_PWM_Init)
    [Anonymous Symbol]                       0x08003ae0   Section        0  stm32f4xx_hal_msp.o(.text.HAL_TIM_PWM_MspInit)
    [Anonymous Symbol]                       0x08003b14   Section        0  stm32f4xx_hal_tim.o(.text.HAL_TIM_PWM_PulseFinishedCallback)
    [Anonymous Symbol]                       0x08003b18   Section        0  stm32f4xx_hal_tim.o(.text.HAL_TIM_PWM_Start)
    [Anonymous Symbol]                       0x08003c38   Section        0  stm32f4xx_hal_tim.o(.text.HAL_TIM_PeriodElapsedCallback)
    [Anonymous Symbol]                       0x08003c3c   Section        0  stm32f4xx_hal_tim.o(.text.HAL_TIM_TriggerCallback)
    [Anonymous Symbol]                       0x08003c40   Section        0  stm32f4xx_hal_uart.o(.text.HAL_UARTEx_RxEventCallback)
    [Anonymous Symbol]                       0x08003c44   Section        0  stm32f4xx_hal_uart.o(.text.HAL_UART_ErrorCallback)
    [Anonymous Symbol]                       0x08003c48   Section        0  stm32f4xx_hal_uart.o(.text.HAL_UART_GetState)
    [Anonymous Symbol]                       0x08003c58   Section        0  stm32f4xx_hal_uart.o(.text.HAL_UART_IRQHandler)
    [Anonymous Symbol]                       0x080041b4   Section        0  stm32f4xx_hal_uart.o(.text.HAL_UART_Init)
    [Anonymous Symbol]                       0x08004214   Section        0  stm32f4xx_hal_msp.o(.text.HAL_UART_MspInit)
    [Anonymous Symbol]                       0x080042d4   Section        0  stm32f4xx_hal_uart.o(.text.HAL_UART_RxCpltCallback)
    [Anonymous Symbol]                       0x080042d8   Section        0  stm32f4xx_hal_uart.o(.text.HAL_UART_Transmit_DMA)
    [Anonymous Symbol]                       0x0800439c   Section        0  stm32f4xx_hal_uart.o(.text.HAL_UART_TxCpltCallback)
    [Anonymous Symbol]                       0x080043a0   Section        0  stm32f4xx_hal_uart.o(.text.HAL_UART_TxHalfCpltCallback)
    [Anonymous Symbol]                       0x080043a4   Section        0  stm32f4xx_it.o(.text.HardFault_Handler)
    [Anonymous Symbol]                       0x080043a8   Section        0  config.o(.text.MX_DCMI_Init)
    [Anonymous Symbol]                       0x080043e8   Section        0  config.o(.text.MX_DMA_Init)
    [Anonymous Symbol]                       0x08004444   Section        0  config.o(.text.MX_GPIO_Init)
    [Anonymous Symbol]                       0x08004588   Section        0  config.o(.text.MX_I2C2_Init)
    [Anonymous Symbol]                       0x080045cc   Section        0  config.o(.text.MX_TIM1_Init)
    [Anonymous Symbol]                       0x08004690   Section        0  config.o(.text.MX_TIM6_Init)
    [Anonymous Symbol]                       0x080046e8   Section        0  config.o(.text.MX_USART3_UART_Init)
    [Anonymous Symbol]                       0x08004728   Section        0  config.o(.text.MX_USB_OTG_FS_PCD_Init)
    [Anonymous Symbol]                       0x08004768   Section        0  stm32f4xx_it.o(.text.MemManage_Handler)
    [Anonymous Symbol]                       0x0800476c   Section        0  stm32f4xx_it.o(.text.NMI_Handler)
    [Anonymous Symbol]                       0x08004770   Section        0  stm32f4xx_it.o(.text.PendSV_Handler)
    [Anonymous Symbol]                       0x08004774   Section        0  stm32f4xx_it.o(.text.SVC_Handler)
    [Anonymous Symbol]                       0x08004778   Section        0  stm32f4xx_it.o(.text.SysTick_Handler)
    [Anonymous Symbol]                       0x0800477c   Section        0  config.o(.text.SystemClock_Config)
    [Anonymous Symbol]                       0x08004830   Section        0  system_stm32f4xx.o(.text.SystemInit)
    [Anonymous Symbol]                       0x08004844   Section        0  stm32f4xx_it.o(.text.TIM6_DAC_IRQHandler)
    [Anonymous Symbol]                       0x08004850   Section        0  stm32f4xx_hal_tim.o(.text.TIM_Base_SetConfig)
    UART_DMAAbortOnError                     0x0800498d   Thumb Code    12  stm32f4xx_hal_uart.o(.text.UART_DMAAbortOnError)
    [Anonymous Symbol]                       0x0800498c   Section        0  stm32f4xx_hal_uart.o(.text.UART_DMAAbortOnError)
    UART_DMAError                            0x08004999   Thumb Code   380  stm32f4xx_hal_uart.o(.text.UART_DMAError)
    [Anonymous Symbol]                       0x08004998   Section        0  stm32f4xx_hal_uart.o(.text.UART_DMAError)
    UART_DMATransmitCplt                     0x08004b15   Thumb Code   176  stm32f4xx_hal_uart.o(.text.UART_DMATransmitCplt)
    [Anonymous Symbol]                       0x08004b14   Section        0  stm32f4xx_hal_uart.o(.text.UART_DMATransmitCplt)
    UART_DMATxHalfCplt                       0x08004bc5   Thumb Code     6  stm32f4xx_hal_uart.o(.text.UART_DMATxHalfCplt)
    [Anonymous Symbol]                       0x08004bc4   Section        0  stm32f4xx_hal_uart.o(.text.UART_DMATxHalfCplt)
    UART_Receive_IT                          0x08004bcd   Thumb Code   254  stm32f4xx_hal_uart.o(.text.UART_Receive_IT)
    [Anonymous Symbol]                       0x08004bcc   Section        0  stm32f4xx_hal_uart.o(.text.UART_Receive_IT)
    UART_SetConfig                           0x08004ccd   Thumb Code   238  stm32f4xx_hal_uart.o(.text.UART_SetConfig)
    [Anonymous Symbol]                       0x08004ccc   Section        0  stm32f4xx_hal_uart.o(.text.UART_SetConfig)
    [Anonymous Symbol]                       0x08004dbc   Section        0  stm32f4xx_it.o(.text.USART3_IRQHandler)
    [Anonymous Symbol]                       0x08004dc8   Section        0  stm32f4xx_ll_usb.o(.text.USB_CoreInit)
    [Anonymous Symbol]                       0x08004fa8   Section        0  stm32f4xx_ll_usb.o(.text.USB_DevDisconnect)
    [Anonymous Symbol]                       0x08004fc8   Section        0  stm32f4xx_ll_usb.o(.text.USB_DevInit)
    [Anonymous Symbol]                       0x08005450   Section        0  stm32f4xx_ll_usb.o(.text.USB_DisableGlobalInt)
    [Anonymous Symbol]                       0x08005460   Section        0  stm32f4xx_ll_usb.o(.text.USB_SetCurrentMode)
    [Anonymous Symbol]                       0x080054c4   Section        0  stm32f4xx_it.o(.text.UsageFault_Handler)
    [Anonymous Symbol]                       0x080054c8   Section        0  main.o(.text.main)
    [Anonymous Symbol]                       0x080058b0   Section        0  ov7670.o(.text.ov7670_capture)
    [Anonymous Symbol]                       0x080058fc   Section        0  ov7670.o(.text.ov7670_init)
    [Anonymous Symbol]                       0x08005a20   Section        0  config.o(.text.print_msg)
    [Anonymous Symbol]                       0x08005a3c   Section        0  config.o(.text.uart_send_bin)
    $v0                                      0x08005a4e   Number         0  fpinit.o(x$fpl$fpinit)
    x$fpl$fpinit                             0x08005a4e   Section       26  fpinit.o(x$fpl$fpinit)
    uc_hextab                                0x08005a68   Data          20  _printf_hex_int.o(.constdata)
    .constdata                               0x08005a68   Section       40  _printf_hex_int.o(.constdata)
    lc_hextab                                0x08005a7c   Data          20  _printf_hex_int.o(.constdata)
    DMA_CalcBaseAndBitshift.flagBitshiftOffset 0x08005b9c   Data           8  stm32f4xx_hal_dma.o(.rodata.cst8)
    [Anonymous Symbol]                       0x08005b9c   Section        0  stm32f4xx_hal_dma.o(.rodata.cst8)
    .L.str.2                                 0x08005ba4   Data          10  ov7670.o(.rodata.str1.1)
    [Anonymous Symbol]                       0x08005ba4   Section        0  ov7670.o(.rodata.str1.1)
    .L_MergedGlobals                         0x20000000   Data           8  stm32f4xx_hal.o(.data..L_MergedGlobals)
    [Anonymous Symbol]                       0x20000000   Section        0  stm32f4xx_hal.o(.data..L_MergedGlobals)
    .bss                                     0x20000010   Section       96  libspace.o(.bss)
    Heap_Mem                                 0x2001f138   Data         512  startup_stm32f446xx.o(HEAP)
    HEAP                                     0x2001f138   Section      512  startup_stm32f446xx.o(HEAP)
    Stack_Mem                                0x2001f338   Data        1024  startup_stm32f446xx.o(STACK)
    STACK                                    0x2001f338   Section     1024  startup_stm32f446xx.o(STACK)
    __initial_sp                             0x2001f738   Data           0  startup_stm32f446xx.o(STACK)

    Global Symbols

    Symbol Name                              Value     Ov Type        Size  Object(Section)

    BuildAttributes$$THM_ISAv4$E$P$D$K$B$S$7EM$VFPi3$EXTD16$VFPS$VFMA$PE$A:L22UL41UL21$X:L11$S22US41US21$IEEE1$IW$~IW$USESV6$~STKCKD$USESV7$~SHL$OTIME$ROPI$EBA8$UX$STANDARDLIB$REQ8$PRES8$EABIv2 0x00000000   Number         0  anon$$obj.o ABSOLUTE
    __ARM_exceptions_init                     - Undefined Weak Reference
    __alloca_initialize                       - Undefined Weak Reference
    __arm_preinit_                            - Undefined Weak Reference
    __arm_relocate_pie_                       - Undefined Weak Reference
    __cpp_initialize__aeabi_                  - Undefined Weak Reference
    __cxa_finalize                            - Undefined Weak Reference
    __rt_locale                               - Undefined Weak Reference
    __sigvec_lookup                           - Undefined Weak Reference
    __user_heap_extent                        - Undefined Weak Reference
    _atexit_init                              - Undefined Weak Reference
    _call_atexit_fns                          - Undefined Weak Reference
    _clock_init                               - Undefined Weak Reference
    _fp_trap_init                             - Undefined Weak Reference
    _fp_trap_shutdown                         - Undefined Weak Reference
    _get_lc_collate                           - Undefined Weak Reference
    _get_lc_ctype                             - Undefined Weak Reference
    _get_lc_monetary                          - Undefined Weak Reference
    _get_lc_numeric                           - Undefined Weak Reference
    _get_lc_time                              - Undefined Weak Reference
    _getenv_init                              - Undefined Weak Reference
    _handle_redirection                       - Undefined Weak Reference
    _initio                                   - Undefined Weak Reference
    _mutex_acquire                            - Undefined Weak Reference
    _mutex_free                               - Undefined Weak Reference
    _mutex_release                            - Undefined Weak Reference
    _printf_post_padding                      - Undefined Weak Reference
    _printf_pre_padding                       - Undefined Weak Reference
    _printf_truncate_unsigned                 - Undefined Weak Reference
    _rand_init                                - Undefined Weak Reference
    _signal_finish                            - Undefined Weak Reference
    _signal_init                              - Undefined Weak Reference
    _terminateio                              - Undefined Weak Reference
    __Vectors_Size                           0x000001c4   Number         0  startup_stm32f446xx.o ABSOLUTE
    __Vectors                                0x08000000   Data           4  startup_stm32f446xx.o(RESET)
    __Vectors_End                            0x080001c4   Data           0  startup_stm32f446xx.o(RESET)
    __main                                   0x080001c5   Thumb Code     8  __main.o(!!!main)
    __scatterload                            0x080001cd   Thumb Code     0  __scatter.o(!!!scatter)
    __scatterload_rt2                        0x080001cd   Thumb Code    84  __scatter.o(!!!scatter)
    __scatterload_rt2_thumb_only             0x080001cd   Thumb Code     0  __scatter.o(!!!scatter)
    __scatterload_loop                       0x080001d7   Thumb Code     0  __scatter.o(!!!scatter)
    __scatterload_copy                       0x08000229   Thumb Code    26  __scatter_copy.o(!!handler_copy)
    __scatterload_null                       0x08000245   Thumb Code     2  __scatter.o(!!handler_null)
    __scatterload_zeroinit                   0x08000249   Thumb Code    28  __scatter_zi.o(!!handler_zi)
    _printf_percent                          0x08000265   Thumb Code     0  _printf_percent.o(.ARM.Collect$$_printf_percent$$00000000)
    _printf_x                                0x08000265   Thumb Code     0  _printf_x.o(.ARM.Collect$$_printf_percent$$0000000C)
    _printf_percent_end                      0x0800026b   Thumb Code     0  _printf_percent_end.o(.ARM.Collect$$_printf_percent$$00000017)
    __rt_lib_init                            0x0800026f   Thumb Code     0  libinit.o(.ARM.Collect$$libinit$$00000000)
    __rt_lib_init_fp_1                       0x08000271   Thumb Code     0  libinit2.o(.ARM.Collect$$libinit$$00000001)
    __rt_lib_init_heap_2                     0x08000275   Thumb Code     0  libinit2.o(.ARM.Collect$$libinit$$00000007)
    __rt_lib_init_preinit_1                  0x08000275   Thumb Code     0  libinit2.o(.ARM.Collect$$libinit$$00000006)
    __rt_lib_init_relocate_pie_1             0x08000275   Thumb Code     0  libinit2.o(.ARM.Collect$$libinit$$00000004)
    __rt_lib_init_alloca_1                   0x0800027d   Thumb Code     0  libinit2.o(.ARM.Collect$$libinit$$00000030)
    __rt_lib_init_argv_1                     0x0800027d   Thumb Code     0  libinit2.o(.ARM.Collect$$libinit$$0000002E)
    __rt_lib_init_atexit_1                   0x0800027d   Thumb Code     0  libinit2.o(.ARM.Collect$$libinit$$0000001D)
    __rt_lib_init_clock_1                    0x0800027d   Thumb Code     0  libinit2.o(.ARM.Collect$$libinit$$00000023)
    __rt_lib_init_cpp_1                      0x0800027d   Thumb Code     0  libinit2.o(.ARM.Collect$$libinit$$00000034)
    __rt_lib_init_exceptions_1               0x0800027d   Thumb Code     0  libinit2.o(.ARM.Collect$$libinit$$00000032)
    __rt_lib_init_fp_trap_1                  0x0800027d   Thumb Code     0  libinit2.o(.ARM.Collect$$libinit$$00000021)
    __rt_lib_init_getenv_1                   0x0800027d   Thumb Code     0  libinit2.o(.ARM.Collect$$libinit$$00000025)
    __rt_lib_init_heap_1                     0x0800027d   Thumb Code     0  libinit2.o(.ARM.Collect$$libinit$$0000000C)
    __rt_lib_init_lc_collate_1               0x0800027d   Thumb Code     0  libinit2.o(.ARM.Collect$$libinit$$00000013)
    __rt_lib_init_lc_ctype_1                 0x0800027d   Thumb Code     0  libinit2.o(.ARM.Collect$$libinit$$00000015)
    __rt_lib_init_lc_monetary_1              0x0800027d   Thumb Code     0  libinit2.o(.ARM.Collect$$libinit$$00000017)
    __rt_lib_init_lc_numeric_1               0x0800027d   Thumb Code     0  libinit2.o(.ARM.Collect$$libinit$$00000019)
    __rt_lib_init_lc_time_1                  0x0800027d   Thumb Code     0  libinit2.o(.ARM.Collect$$libinit$$0000001B)
    __rt_lib_init_rand_1                     0x0800027d   Thumb Code     0  libinit2.o(.ARM.Collect$$libinit$$00000010)
    __rt_lib_init_return                     0x0800027d   Thumb Code     0  libinit2.o(.ARM.Collect$$libinit$$00000035)
    __rt_lib_init_signal_1                   0x0800027d   Thumb Code     0  libinit2.o(.ARM.Collect$$libinit$$0000001F)
    __rt_lib_init_stdio_1                    0x0800027d   Thumb Code     0  libinit2.o(.ARM.Collect$$libinit$$00000027)
    __rt_lib_init_user_alloc_1               0x0800027d   Thumb Code     0  libinit2.o(.ARM.Collect$$libinit$$0000000E)
    __rt_lib_shutdown                        0x0800027f   Thumb Code     0  libshutdown.o(.ARM.Collect$$libshutdown$$00000000)
    __rt_lib_shutdown_cpp_1                  0x08000281   Thumb Code     0  libshutdown2.o(.ARM.Collect$$libshutdown$$00000002)
    __rt_lib_shutdown_fp_trap_1              0x08000281   Thumb Code     0  libshutdown2.o(.ARM.Collect$$libshutdown$$00000007)
    __rt_lib_shutdown_heap_1                 0x08000281   Thumb Code     0  libshutdown2.o(.ARM.Collect$$libshutdown$$0000000F)
    __rt_lib_shutdown_return                 0x08000281   Thumb Code     0  libshutdown2.o(.ARM.Collect$$libshutdown$$00000010)
    __rt_lib_shutdown_signal_1               0x08000281   Thumb Code     0  libshutdown2.o(.ARM.Collect$$libshutdown$$0000000A)
    __rt_lib_shutdown_stdio_1                0x08000281   Thumb Code     0  libshutdown2.o(.ARM.Collect$$libshutdown$$00000004)
    __rt_lib_shutdown_user_alloc_1           0x08000281   Thumb Code     0  libshutdown2.o(.ARM.Collect$$libshutdown$$0000000C)
    __rt_entry                               0x08000283   Thumb Code     0  __rtentry.o(.ARM.Collect$$rtentry$$00000000)
    __rt_entry_presh_1                       0x08000283   Thumb Code     0  __rtentry2.o(.ARM.Collect$$rtentry$$00000002)
    __rt_entry_sh                            0x08000283   Thumb Code     0  __rtentry4.o(.ARM.Collect$$rtentry$$00000004)
    __rt_entry_li                            0x08000289   Thumb Code     0  __rtentry2.o(.ARM.Collect$$rtentry$$0000000A)
    __rt_entry_postsh_1                      0x08000289   Thumb Code     0  __rtentry2.o(.ARM.Collect$$rtentry$$00000009)
    __rt_entry_main                          0x0800028d   Thumb Code     0  __rtentry2.o(.ARM.Collect$$rtentry$$0000000D)
    __rt_entry_postli_1                      0x0800028d   Thumb Code     0  __rtentry2.o(.ARM.Collect$$rtentry$$0000000C)
    __rt_exit                                0x08000295   Thumb Code     0  rtexit.o(.ARM.Collect$$rtexit$$00000000)
    __rt_exit_ls                             0x08000297   Thumb Code     0  rtexit2.o(.ARM.Collect$$rtexit$$00000003)
    __rt_exit_prels_1                        0x08000297   Thumb Code     0  rtexit2.o(.ARM.Collect$$rtexit$$00000002)
    __rt_exit_exit                           0x0800029b   Thumb Code     0  rtexit2.o(.ARM.Collect$$rtexit$$00000004)
    Reset_Handler                            0x080002a1   Thumb Code     8  startup_stm32f446xx.o(.text)
    ADC_IRQHandler                           0x080002bb   Thumb Code     0  startup_stm32f446xx.o(.text)
    CAN1_RX0_IRQHandler                      0x080002bb   Thumb Code     0  startup_stm32f446xx.o(.text)
    CAN1_RX1_IRQHandler                      0x080002bb   Thumb Code     0  startup_stm32f446xx.o(.text)
    CAN1_SCE_IRQHandler                      0x080002bb   Thumb Code     0  startup_stm32f446xx.o(.text)
    CAN1_TX_IRQHandler                       0x080002bb   Thumb Code     0  startup_stm32f446xx.o(.text)
    CAN2_RX0_IRQHandler                      0x080002bb   Thumb Code     0  startup_stm32f446xx.o(.text)
    CAN2_RX1_IRQHandler                      0x080002bb   Thumb Code     0  startup_stm32f446xx.o(.text)
    CAN2_SCE_IRQHandler                      0x080002bb   Thumb Code     0  startup_stm32f446xx.o(.text)
    CAN2_TX_IRQHandler                       0x080002bb   Thumb Code     0  startup_stm32f446xx.o(.text)
    CEC_IRQHandler                           0x080002bb   Thumb Code     0  startup_stm32f446xx.o(.text)
    DMA1_Stream0_IRQHandler                  0x080002bb   Thumb Code     0  startup_stm32f446xx.o(.text)
    DMA1_Stream1_IRQHandler                  0x080002bb   Thumb Code     0  startup_stm32f446xx.o(.text)
    DMA1_Stream2_IRQHandler                  0x080002bb   Thumb Code     0  startup_stm32f446xx.o(.text)
    DMA1_Stream4_IRQHandler                  0x080002bb   Thumb Code     0  startup_stm32f446xx.o(.text)
    DMA1_Stream5_IRQHandler                  0x080002bb   Thumb Code     0  startup_stm32f446xx.o(.text)
    DMA1_Stream6_IRQHandler                  0x080002bb   Thumb Code     0  startup_stm32f446xx.o(.text)
    DMA1_Stream7_IRQHandler                  0x080002bb   Thumb Code     0  startup_stm32f446xx.o(.text)
    DMA2_Stream0_IRQHandler                  0x080002bb   Thumb Code     0  startup_stm32f446xx.o(.text)
    DMA2_Stream2_IRQHandler                  0x080002bb   Thumb Code     0  startup_stm32f446xx.o(.text)
    DMA2_Stream3_IRQHandler                  0x080002bb   Thumb Code     0  startup_stm32f446xx.o(.text)
    DMA2_Stream4_IRQHandler                  0x080002bb   Thumb Code     0  startup_stm32f446xx.o(.text)
    DMA2_Stream5_IRQHandler                  0x080002bb   Thumb Code     0  startup_stm32f446xx.o(.text)
    DMA2_Stream6_IRQHandler                  0x080002bb   Thumb Code     0  startup_stm32f446xx.o(.text)
    DMA2_Stream7_IRQHandler                  0x080002bb   Thumb Code     0  startup_stm32f446xx.o(.text)
    EXTI0_IRQHandler                         0x080002bb   Thumb Code     0  startup_stm32f446xx.o(.text)
    EXTI1_IRQHandler                         0x080002bb   Thumb Code     0  startup_stm32f446xx.o(.text)
    EXTI2_IRQHandler                         0x080002bb   Thumb Code     0  startup_stm32f446xx.o(.text)
    EXTI3_IRQHandler                         0x080002bb   Thumb Code     0  startup_stm32f446xx.o(.text)
    EXTI4_IRQHandler                         0x080002bb   Thumb Code     0  startup_stm32f446xx.o(.text)
    EXTI9_5_IRQHandler                       0x080002bb   Thumb Code     0  startup_stm32f446xx.o(.text)
    FLASH_IRQHandler                         0x080002bb   Thumb Code     0  startup_stm32f446xx.o(.text)
    FMC_IRQHandler                           0x080002bb   Thumb Code     0  startup_stm32f446xx.o(.text)
    FMPI2C1_ER_IRQHandler                    0x080002bb   Thumb Code     0  startup_stm32f446xx.o(.text)
    FMPI2C1_EV_IRQHandler                    0x080002bb   Thumb Code     0  startup_stm32f446xx.o(.text)
    FPU_IRQHandler                           0x080002bb   Thumb Code     0  startup_stm32f446xx.o(.text)
    I2C1_ER_IRQHandler                       0x080002bb   Thumb Code     0  startup_stm32f446xx.o(.text)
    I2C1_EV_IRQHandler                       0x080002bb   Thumb Code     0  startup_stm32f446xx.o(.text)
    I2C2_ER_IRQHandler                       0x080002bb   Thumb Code     0  startup_stm32f446xx.o(.text)
    I2C2_EV_IRQHandler                       0x080002bb   Thumb Code     0  startup_stm32f446xx.o(.text)
    I2C3_ER_IRQHandler                       0x080002bb   Thumb Code     0  startup_stm32f446xx.o(.text)
    I2C3_EV_IRQHandler                       0x080002bb   Thumb Code     0  startup_stm32f446xx.o(.text)
    OTG_FS_IRQHandler                        0x080002bb   Thumb Code     0  startup_stm32f446xx.o(.text)
    OTG_FS_WKUP_IRQHandler                   0x080002bb   Thumb Code     0  startup_stm32f446xx.o(.text)
    OTG_HS_EP1_IN_IRQHandler                 0x080002bb   Thumb Code     0  startup_stm32f446xx.o(.text)
    OTG_HS_EP1_OUT_IRQHandler                0x080002bb   Thumb Code     0  startup_stm32f446xx.o(.text)
    OTG_HS_IRQHandler                        0x080002bb   Thumb Code     0  startup_stm32f446xx.o(.text)
    OTG_HS_WKUP_IRQHandler                   0x080002bb   Thumb Code     0  startup_stm32f446xx.o(.text)
    PVD_IRQHandler                           0x080002bb   Thumb Code     0  startup_stm32f446xx.o(.text)
    QUADSPI_IRQHandler                       0x080002bb   Thumb Code     0  startup_stm32f446xx.o(.text)
    RCC_IRQHandler                           0x080002bb   Thumb Code     0  startup_stm32f446xx.o(.text)
    RTC_Alarm_IRQHandler                     0x080002bb   Thumb Code     0  startup_stm32f446xx.o(.text)
    RTC_WKUP_IRQHandler                      0x080002bb   Thumb Code     0  startup_stm32f446xx.o(.text)
    SAI1_IRQHandler                          0x080002bb   Thumb Code     0  startup_stm32f446xx.o(.text)
    SAI2_IRQHandler                          0x080002bb   Thumb Code     0  startup_stm32f446xx.o(.text)
    SDIO_IRQHandler                          0x080002bb   Thumb Code     0  startup_stm32f446xx.o(.text)
    SPDIF_RX_IRQHandler                      0x080002bb   Thumb Code     0  startup_stm32f446xx.o(.text)
    SPI1_IRQHandler                          0x080002bb   Thumb Code     0  startup_stm32f446xx.o(.text)
    SPI2_IRQHandler                          0x080002bb   Thumb Code     0  startup_stm32f446xx.o(.text)
    SPI3_IRQHandler                          0x080002bb   Thumb Code     0  startup_stm32f446xx.o(.text)
    SPI4_IRQHandler                          0x080002bb   Thumb Code     0  startup_stm32f446xx.o(.text)
    TAMP_STAMP_IRQHandler                    0x080002bb   Thumb Code     0  startup_stm32f446xx.o(.text)
    TIM1_BRK_TIM9_IRQHandler                 0x080002bb   Thumb Code     0  startup_stm32f446xx.o(.text)
    TIM1_CC_IRQHandler                       0x080002bb   Thumb Code     0  startup_stm32f446xx.o(.text)
    TIM1_TRG_COM_TIM11_IRQHandler            0x080002bb   Thumb Code     0  startup_stm32f446xx.o(.text)
    TIM1_UP_TIM10_IRQHandler                 0x080002bb   Thumb Code     0  startup_stm32f446xx.o(.text)
    TIM2_IRQHandler                          0x080002bb   Thumb Code     0  startup_stm32f446xx.o(.text)
    TIM3_IRQHandler                          0x080002bb   Thumb Code     0  startup_stm32f446xx.o(.text)
    TIM4_IRQHandler                          0x080002bb   Thumb Code     0  startup_stm32f446xx.o(.text)
    TIM5_IRQHandler                          0x080002bb   Thumb Code     0  startup_stm32f446xx.o(.text)
    TIM7_IRQHandler                          0x080002bb   Thumb Code     0  startup_stm32f446xx.o(.text)
    TIM8_BRK_TIM12_IRQHandler                0x080002bb   Thumb Code     0  startup_stm32f446xx.o(.text)
    TIM8_CC_IRQHandler                       0x080002bb   Thumb Code     0  startup_stm32f446xx.o(.text)
    TIM8_TRG_COM_TIM14_IRQHandler            0x080002bb   Thumb Code     0  startup_stm32f446xx.o(.text)
    TIM8_UP_TIM13_IRQHandler                 0x080002bb   Thumb Code     0  startup_stm32f446xx.o(.text)
    UART4_IRQHandler                         0x080002bb   Thumb Code     0  startup_stm32f446xx.o(.text)
    UART5_IRQHandler                         0x080002bb   Thumb Code     0  startup_stm32f446xx.o(.text)
    USART1_IRQHandler                        0x080002bb   Thumb Code     0  startup_stm32f446xx.o(.text)
    USART2_IRQHandler                        0x080002bb   Thumb Code     0  startup_stm32f446xx.o(.text)
    USART6_IRQHandler                        0x080002bb   Thumb Code     0  startup_stm32f446xx.o(.text)
    WWDG_IRQHandler                          0x080002bb   Thumb Code     0  startup_stm32f446xx.o(.text)
    __user_initial_stackheap                 0x080002bd   Thumb Code     0  startup_stm32f446xx.o(.text)
    malloc                                   0x080002e1   Thumb Code    94  h1_alloc.o(.text)
    free                                     0x0800033f   Thumb Code    78  h1_free.o(.text)
    __aeabi_uldivmod                         0x0800038d   Thumb Code     0  lludivv7m.o(.text)
    _ll_udiv                                 0x0800038d   Thumb Code   240  lludivv7m.o(.text)
    __2sprintf                               0x0800047d   Thumb Code    34  noretval__2sprintf.o(.text)
    __printf                                 0x080004a5   Thumb Code   104  __printf.o(.text)
    _printf_int_hex                          0x0800050d   Thumb Code    84  _printf_hex_int.o(.text)
    _printf_longlong_hex                     0x0800050d   Thumb Code     0  _printf_hex_int.o(.text)
    strlen                                   0x08000565   Thumb Code    62  strlen.o(.text)
    __aeabi_memclr4                          0x080005a3   Thumb Code     0  rt_memclr_w.o(.text)
    __aeabi_memclr8                          0x080005a3   Thumb Code     0  rt_memclr_w.o(.text)
    __rt_memclr_w                            0x080005a3   Thumb Code     0  rt_memclr_w.o(.text)
    _memset_w                                0x080005a7   Thumb Code    74  rt_memclr_w.o(.text)
    __use_two_region_memory                  0x080005f1   Thumb Code     2  heapauxi.o(.text)
    __rt_heap_escrow                         0x080005f3   Thumb Code     2  heapauxi.o(.text)
    __rt_heap_expand                         0x080005f5   Thumb Code     2  heapauxi.o(.text)
    __rt_heap_descriptor                     0x080005f9   Thumb Code     8  rt_heap_descriptor_intlibspace.o(.text)
    __use_no_heap                            0x08000601   Thumb Code     2  hguard.o(.text)
    __heap$guard                             0x08000603   Thumb Code     2  hguard.o(.text)
    _terminate_user_alloc                    0x08000605   Thumb Code     2  init_alloc.o(.text)
    _init_user_alloc                         0x08000607   Thumb Code     2  init_alloc.o(.text)
    __Heap_Full                              0x08000609   Thumb Code    34  init_alloc.o(.text)
    __Heap_Broken                            0x0800062b   Thumb Code     6  init_alloc.o(.text)
    _init_alloc                              0x08000631   Thumb Code    94  init_alloc.o(.text)
    __Heap_Initialize                        0x0800068f   Thumb Code     8  h1_init.o(.text)
    __Heap_DescSize                          0x08000697   Thumb Code     4  h1_init.o(.text)
    _printf_int_common                       0x0800069b   Thumb Code   178  _printf_intcommon.o(.text)
    _printf_char_common                      0x08000757   Thumb Code    32  _printf_char_common.o(.text)
    _sputc                                   0x0800077d   Thumb Code    10  _sputc.o(.text)
    __user_libspace                          0x08000789   Thumb Code     8  libspace.o(.text)
    __user_perproc_libspace                  0x08000789   Thumb Code     0  libspace.o(.text)
    __user_perthread_libspace                0x08000789   Thumb Code     0  libspace.o(.text)
    __Heap_ProvideMemory                     0x08000791   Thumb Code    52  h1_extend.o(.text)
    _maybe_terminate_alloc                   0x08000791   Thumb Code     0  maybetermalloc1.o(.text)
    __rt_SIGRTMEM                            0x080007c5   Thumb Code    14  defsig_rtmem_outer.o(.text)
    __I$use$semihosting                      0x080007d3   Thumb Code     0  use_no_semi.o(.text)
    __use_no_semihosting_swi                 0x080007d3   Thumb Code     2  use_no_semi.o(.text)
    __semihosting_library_function           0x080007d5   Thumb Code     0  indicate_semi.o(.text)
    __user_setup_stackheap                   0x080007d5   Thumb Code    74  sys_stackheap_outer.o(.text)
    exit                                     0x0800081f   Thumb Code    18  exit.o(.text)
    __sig_exit                               0x08000831   Thumb Code    10  defsig_exit.o(.text)
    __rt_SIGRTMEM_inner                      0x0800083d   Thumb Code    22  defsig_rtmem_inner.o(.text)
    _sys_exit                                0x0800088d   Thumb Code     8  sys_exit.o(.text)
    __default_signal_display                 0x08000899   Thumb Code    50  defsig_general.o(.text)
    _ttywrch                                 0x080008cb   Thumb Code    14  sys_wrch.o(.text)
    BusFault_Handler                         0x080008d9   Thumb Code     2  stm32f4xx_it.o(.text.BusFault_Handler)
    DCMI_IRQHandler                          0x08000979   Thumb Code    12  stm32f4xx_it.o(.text.DCMI_IRQHandler)
    DMA1_Stream3_IRQHandler                  0x08000985   Thumb Code    24  stm32f4xx_it.o(.text.DMA1_Stream3_IRQHandler)
    DMA2_Stream1_IRQHandler                  0x0800099d   Thumb Code    24  stm32f4xx_it.o(.text.DMA2_Stream1_IRQHandler)
    DebugMon_Handler                         0x080009b5   Thumb Code     2  stm32f4xx_it.o(.text.DebugMon_Handler)
    EXTI15_10_IRQHandler                     0x080009b9   Thumb Code     8  stm32f4xx_it.o(.text.EXTI15_10_IRQHandler)
    Error_Handler                            0x080009c1   Thumb Code    10  config.o(.text.Error_Handler)
    HAL_DCMI_ErrorCallback                   0x080009cd   Thumb Code     2  stm32f4xx_hal_dcmi.o(.text.HAL_DCMI_ErrorCallback)
    HAL_DCMI_FrameEventCallback              0x080009d1   Thumb Code     2  stm32f4xx_hal_dcmi.o(.text.HAL_DCMI_FrameEventCallback)
    HAL_DCMI_IRQHandler                      0x080009d5   Thumb Code   162  stm32f4xx_hal_dcmi.o(.text.HAL_DCMI_IRQHandler)
    HAL_DCMI_Init                            0x08000a79   Thumb Code   156  stm32f4xx_hal_dcmi_ex.o(.text.HAL_DCMI_Init)
    HAL_DCMI_LineEventCallback               0x08000b15   Thumb Code     2  stm32f4xx_hal_dcmi.o(.text.HAL_DCMI_LineEventCallback)
    HAL_DCMI_MspInit                         0x08000b19   Thumb Code   404  stm32f4xx_hal_msp.o(.text.HAL_DCMI_MspInit)
    HAL_DCMI_Resume                          0x08000cad   Thumb Code    46  stm32f4xx_hal_dcmi.o(.text.HAL_DCMI_Resume)
    HAL_DCMI_Start_DMA                       0x08000cdd   Thumb Code   264  stm32f4xx_hal_dcmi.o(.text.HAL_DCMI_Start_DMA)
    HAL_DCMI_Stop                            0x08000de5   Thumb Code   170  stm32f4xx_hal_dcmi.o(.text.HAL_DCMI_Stop)
    HAL_DCMI_Suspend                         0x08000e91   Thumb Code   174  stm32f4xx_hal_dcmi.o(.text.HAL_DCMI_Suspend)
    HAL_DCMI_VsyncEventCallback              0x08000f41   Thumb Code     2  stm32f4xx_hal_dcmi.o(.text.HAL_DCMI_VsyncEventCallback)
    HAL_DMAEx_ChangeMemory                   0x08000f45   Thumb Code    20  stm32f4xx_hal_dma_ex.o(.text.HAL_DMAEx_ChangeMemory)
    HAL_DMAEx_MultiBufferStart_IT            0x08000f59   Thumb Code  1240  stm32f4xx_hal_dma_ex.o(.text.HAL_DMAEx_MultiBufferStart_IT)
    HAL_DMA_Abort                            0x08001431   Thumb Code   142  stm32f4xx_hal_dma.o(.text.HAL_DMA_Abort)
    HAL_DMA_Abort_IT                         0x080014c1   Thumb Code    36  stm32f4xx_hal_dma.o(.text.HAL_DMA_Abort_IT)
    HAL_DMA_IRQHandler                       0x080014e5   Thumb Code   448  stm32f4xx_hal_dma.o(.text.HAL_DMA_IRQHandler)
    HAL_DMA_Init                             0x080016a5   Thumb Code   354  stm32f4xx_hal_dma.o(.text.HAL_DMA_Init)
    HAL_DMA_Start_IT                         0x08001809   Thumb Code   162  stm32f4xx_hal_dma.o(.text.HAL_DMA_Start_IT)
    HAL_Delay                                0x080018ad   Thumb Code    40  stm32f4xx_hal.o(.text.HAL_Delay)
    HAL_GPIO_EXTI_Callback                   0x080018d5   Thumb Code     2  stm32f4xx_hal_gpio.o(.text.HAL_GPIO_EXTI_Callback)
    HAL_GPIO_EXTI_IRQHandler                 0x080018d9   Thumb Code    22  stm32f4xx_hal_gpio.o(.text.HAL_GPIO_EXTI_IRQHandler)
    HAL_GPIO_Init                            0x080018f1   Thumb Code   414  stm32f4xx_hal_gpio.o(.text.HAL_GPIO_Init)
    HAL_GPIO_WritePin                        0x08001a91   Thumb Code    10  stm32f4xx_hal_gpio.o(.text.HAL_GPIO_WritePin)
    HAL_GetTick                              0x08001a9d   Thumb Code    12  stm32f4xx_hal.o(.text.HAL_GetTick)
    HAL_I2C_Init                             0x08001aa9   Thumb Code   356  stm32f4xx_hal_i2c.o(.text.HAL_I2C_Init)
    HAL_I2C_Master_Receive                   0x08001c0d   Thumb Code  1542  stm32f4xx_hal_i2c.o(.text.HAL_I2C_Master_Receive)
    HAL_I2C_Master_Transmit                  0x08002215   Thumb Code  1074  stm32f4xx_hal_i2c.o(.text.HAL_I2C_Master_Transmit)
    HAL_I2C_MspInit                          0x08002649   Thumb Code   104  stm32f4xx_hal_msp.o(.text.HAL_I2C_MspInit)
    HAL_IncTick                              0x080026b1   Thumb Code    26  stm32f4xx_hal.o(.text.HAL_IncTick)
    HAL_Init                                 0x080026cd   Thumb Code    54  stm32f4xx_hal.o(.text.HAL_Init)
    HAL_InitTick                             0x08002705   Thumb Code    72  stm32f4xx_hal.o(.text.HAL_InitTick)
    HAL_MspInit                              0x0800274d   Thumb Code    56  stm32f4xx_hal_msp.o(.text.HAL_MspInit)
    HAL_NVIC_EnableIRQ                       0x08002785   Thumb Code    34  stm32f4xx_hal_cortex.o(.text.HAL_NVIC_EnableIRQ)
    HAL_NVIC_SetPriority                     0x080027a9   Thumb Code    86  stm32f4xx_hal_cortex.o(.text.HAL_NVIC_SetPriority)
    HAL_NVIC_SetPriorityGrouping             0x08002801   Thumb Code    32  stm32f4xx_hal_cortex.o(.text.HAL_NVIC_SetPriorityGrouping)
    HAL_PCDEx_ActivateLPM                    0x08002821   Thumb Code    38  stm32f4xx_hal_pcd_ex.o(.text.HAL_PCDEx_ActivateLPM)
    HAL_PCD_Init                             0x08002849   Thumb Code   330  stm32f4xx_hal_pcd.o(.text.HAL_PCD_Init)
    HAL_PCD_MspInit                          0x08002995   Thumb Code   164  stm32f4xx_hal_msp.o(.text.HAL_PCD_MspInit)
    HAL_RCCEx_PeriphCLKConfig                0x08002a39   Thumb Code  1086  stm32f4xx_hal_rcc_ex.o(.text.HAL_RCCEx_PeriphCLKConfig)
    HAL_RCC_ClockConfig                      0x08002e79   Thumb Code   356  stm32f4xx_hal_rcc.o(.text.HAL_RCC_ClockConfig)
    HAL_RCC_GetPCLK1Freq                     0x08002fdd   Thumb Code    38  stm32f4xx_hal_rcc.o(.text.HAL_RCC_GetPCLK1Freq)
    HAL_RCC_GetPCLK2Freq                     0x08003005   Thumb Code    38  stm32f4xx_hal_rcc.o(.text.HAL_RCC_GetPCLK2Freq)
    HAL_RCC_GetSysClockFreq                  0x0800302d   Thumb Code   162  stm32f4xx_hal_rcc_ex.o(.text.HAL_RCC_GetSysClockFreq)
    HAL_RCC_OscConfig                        0x080030d1   Thumb Code   992  stm32f4xx_hal_rcc_ex.o(.text.HAL_RCC_OscConfig)
    HAL_SYSTICK_Config                       0x080034b1   Thumb Code    44  stm32f4xx_hal_cortex.o(.text.HAL_SYSTICK_Config)
    HAL_TIMEx_BreakCallback                  0x080034dd   Thumb Code     2  stm32f4xx_hal_tim_ex.o(.text.HAL_TIMEx_BreakCallback)
    HAL_TIMEx_CommutCallback                 0x080034e1   Thumb Code     2  stm32f4xx_hal_tim_ex.o(.text.HAL_TIMEx_CommutCallback)
    HAL_TIMEx_ConfigBreakDeadTime            0x080034e5   Thumb Code    80  stm32f4xx_hal_tim_ex.o(.text.HAL_TIMEx_ConfigBreakDeadTime)
    HAL_TIMEx_MasterConfigSynchronization    0x08003535   Thumb Code   186  stm32f4xx_hal_tim_ex.o(.text.HAL_TIMEx_MasterConfigSynchronization)
    HAL_TIM_Base_Init                        0x080035f1   Thumb Code    90  stm32f4xx_hal_tim.o(.text.HAL_TIM_Base_Init)
    HAL_TIM_Base_MspInit                     0x0800364d   Thumb Code    72  stm32f4xx_hal_msp.o(.text.HAL_TIM_Base_MspInit)
    HAL_TIM_IC_CaptureCallback               0x08003695   Thumb Code     2  stm32f4xx_hal_tim.o(.text.HAL_TIM_IC_CaptureCallback)
    HAL_TIM_IRQHandler                       0x08003699   Thumb Code   368  stm32f4xx_hal_tim.o(.text.HAL_TIM_IRQHandler)
    HAL_TIM_MspPostInit                      0x08003809   Thumb Code    84  stm32f4xx_hal_msp.o(.text.HAL_TIM_MspPostInit)
    HAL_TIM_OC_DelayElapsedCallback          0x0800385d   Thumb Code     2  stm32f4xx_hal_tim.o(.text.HAL_TIM_OC_DelayElapsedCallback)
    HAL_TIM_PWM_ConfigChannel                0x08003861   Thumb Code   548  stm32f4xx_hal_tim.o(.text.HAL_TIM_PWM_ConfigChannel)
    HAL_TIM_PWM_Init                         0x08003a85   Thumb Code    90  stm32f4xx_hal_tim.o(.text.HAL_TIM_PWM_Init)
    HAL_TIM_PWM_MspInit                      0x08003ae1   Thumb Code    50  stm32f4xx_hal_msp.o(.text.HAL_TIM_PWM_MspInit)
    HAL_TIM_PWM_PulseFinishedCallback        0x08003b15   Thumb Code     2  stm32f4xx_hal_tim.o(.text.HAL_TIM_PWM_PulseFinishedCallback)
    HAL_TIM_PWM_Start                        0x08003b19   Thumb Code   286  stm32f4xx_hal_tim.o(.text.HAL_TIM_PWM_Start)
    HAL_TIM_PeriodElapsedCallback            0x08003c39   Thumb Code     2  stm32f4xx_hal_tim.o(.text.HAL_TIM_PeriodElapsedCallback)
    HAL_TIM_TriggerCallback                  0x08003c3d   Thumb Code     2  stm32f4xx_hal_tim.o(.text.HAL_TIM_TriggerCallback)
    HAL_UARTEx_RxEventCallback               0x08003c41   Thumb Code     2  stm32f4xx_hal_uart.o(.text.HAL_UARTEx_RxEventCallback)
    HAL_UART_ErrorCallback                   0x08003c45   Thumb Code     2  stm32f4xx_hal_uart.o(.text.HAL_UART_ErrorCallback)
    HAL_UART_GetState                        0x08003c49   Thumb Code    14  stm32f4xx_hal_uart.o(.text.HAL_UART_GetState)
    HAL_UART_IRQHandler                      0x08003c59   Thumb Code  1372  stm32f4xx_hal_uart.o(.text.HAL_UART_IRQHandler)
    HAL_UART_Init                            0x080041b5   Thumb Code    94  stm32f4xx_hal_uart.o(.text.HAL_UART_Init)
    HAL_UART_MspInit                         0x08004215   Thumb Code   192  stm32f4xx_hal_msp.o(.text.HAL_UART_MspInit)
    HAL_UART_RxCpltCallback                  0x080042d5   Thumb Code     2  stm32f4xx_hal_uart.o(.text.HAL_UART_RxCpltCallback)
    HAL_UART_Transmit_DMA                    0x080042d9   Thumb Code   194  stm32f4xx_hal_uart.o(.text.HAL_UART_Transmit_DMA)
    HAL_UART_TxCpltCallback                  0x0800439d   Thumb Code     2  stm32f4xx_hal_uart.o(.text.HAL_UART_TxCpltCallback)
    HAL_UART_TxHalfCpltCallback              0x080043a1   Thumb Code     2  stm32f4xx_hal_uart.o(.text.HAL_UART_TxHalfCpltCallback)
    HardFault_Handler                        0x080043a5   Thumb Code     2  stm32f4xx_it.o(.text.HardFault_Handler)
    MX_DCMI_Init                             0x080043a9   Thumb Code    62  config.o(.text.MX_DCMI_Init)
    MX_DMA_Init                              0x080043e9   Thumb Code    92  config.o(.text.MX_DMA_Init)
    MX_GPIO_Init                             0x08004445   Thumb Code   322  config.o(.text.MX_GPIO_Init)
    MX_I2C2_Init                             0x08004589   Thumb Code    66  config.o(.text.MX_I2C2_Init)
    MX_TIM1_Init                             0x080045cd   Thumb Code   196  config.o(.text.MX_TIM1_Init)
    MX_TIM6_Init                             0x08004691   Thumb Code    88  config.o(.text.MX_TIM6_Init)
    MX_USART3_UART_Init                      0x080046e9   Thumb Code    62  config.o(.text.MX_USART3_UART_Init)
    MX_USB_OTG_FS_PCD_Init                   0x08004729   Thumb Code    62  config.o(.text.MX_USB_OTG_FS_PCD_Init)
    MemManage_Handler                        0x08004769   Thumb Code     2  stm32f4xx_it.o(.text.MemManage_Handler)
    NMI_Handler                              0x0800476d   Thumb Code     2  stm32f4xx_it.o(.text.NMI_Handler)
    PendSV_Handler                           0x08004771   Thumb Code     2  stm32f4xx_it.o(.text.PendSV_Handler)
    SVC_Handler                              0x08004775   Thumb Code     2  stm32f4xx_it.o(.text.SVC_Handler)
    SysTick_Handler                          0x08004779   Thumb Code     4  stm32f4xx_it.o(.text.SysTick_Handler)
    SystemClock_Config                       0x0800477d   Thumb Code   180  config.o(.text.SystemClock_Config)
    SystemInit                               0x08004831   Thumb Code    18  system_stm32f4xx.o(.text.SystemInit)
    TIM6_DAC_IRQHandler                      0x08004845   Thumb Code    12  stm32f4xx_it.o(.text.TIM6_DAC_IRQHandler)
    TIM_Base_SetConfig                       0x08004851   Thumb Code   316  stm32f4xx_hal_tim.o(.text.TIM_Base_SetConfig)
    USART3_IRQHandler                        0x08004dbd   Thumb Code    12  stm32f4xx_it.o(.text.USART3_IRQHandler)
    USB_CoreInit                             0x08004dc9   Thumb Code   478  stm32f4xx_ll_usb.o(.text.USB_CoreInit)
    USB_DevDisconnect                        0x08004fa9   Thumb Code    30  stm32f4xx_ll_usb.o(.text.USB_DevDisconnect)
    USB_DevInit                              0x08004fc9   Thumb Code  1158  stm32f4xx_ll_usb.o(.text.USB_DevInit)
    USB_DisableGlobalInt                     0x08005451   Thumb Code    14  stm32f4xx_ll_usb.o(.text.USB_DisableGlobalInt)
    USB_SetCurrentMode                       0x08005461   Thumb Code   100  stm32f4xx_ll_usb.o(.text.USB_SetCurrentMode)
    UsageFault_Handler                       0x080054c5   Thumb Code     2  stm32f4xx_it.o(.text.UsageFault_Handler)
    main                                     0x080054c9   Thumb Code   998  main.o(.text.main)
    ov7670_capture                           0x080058b1   Thumb Code    74  ov7670.o(.text.ov7670_capture)
    ov7670_init                              0x080058fd   Thumb Code   252  ov7670.o(.text.ov7670_init)
    print_msg                                0x08005a21   Thumb Code    28  config.o(.text.print_msg)
    uart_send_bin                            0x08005a3d   Thumb Code    18  config.o(.text.uart_send_bin)
    _fp_init                                 0x08005a4f   Thumb Code    26  fpinit.o(x$fpl$fpinit)
    __fplib_config_fpu_vfp                   0x08005a67   Thumb Code     0  fpinit.o(x$fpl$fpinit)
    __fplib_config_pureend_doubles           0x08005a67   Thumb Code     0  fpinit.o(x$fpl$fpinit)
    AHBPrescTable                            0x08005a90   Data          16  system_stm32f4xx.o(.rodata.AHBPrescTable)
    APBPrescTable                            0x08005aa0   Data           8  system_stm32f4xx.o(.rodata.APBPrescTable)
    OV7670_reg                               0x08005aa8   Data         244  ov7670.o(.rodata.OV7670_reg)
    Region$$Table$$Base                      0x08005bb0   Number         0  anon$$obj.o(Region$$Table)
    Region$$Table$$Limit                     0x08005bd0   Number         0  anon$$obj.o(Region$$Table)
    uwTickFreq                               0x20000000   Data           1  stm32f4xx_hal.o(.data..L_MergedGlobals)
    uwTickPrio                               0x20000004   Data           4  stm32f4xx_hal.o(.data..L_MergedGlobals)
    SystemCoreClock                          0x20000008   Data           4  system_stm32f4xx.o(.data.SystemCoreClock)
    __libspace_start                         0x20000010   Data          96  libspace.o(.bss)
    __temporary_stack_top$libspace           0x20000070   Data           0  libspace.o(.bss)
    dma2_flag                                0x20000070   Data           1  main.o(.bss.dma2_flag)
    dma_flag                                 0x20000071   Data           1  main.o(.bss.dma_flag)
    hdcmi                                    0x20000074   Data          80  config.o(.bss.hdcmi)
    hdma_dcmi                                0x200000c4   Data          96  config.o(.bss.hdma_dcmi)
    hdma_usart3_tx                           0x20000124   Data          96  config.o(.bss.hdma_usart3_tx)
    hi2c2                                    0x20000184   Data          84  config.o(.bss.hi2c2)
    hpcd_USB_OTG_FS                          0x200001d8   Data        1292  config.o(.bss.hpcd_USB_OTG_FS)
    htim1                                    0x200006e4   Data          72  config.o(.bss.htim1)
    htim6                                    0x2000072c   Data          72  config.o(.bss.htim6)
    huart3                                   0x20000774   Data          68  config.o(.bss.huart3)
    previous_buff                            0x200007b8   Data       25056  main.o(.bss.previous_buff)
    snapshot_buff                            0x20006998   Data       50112  main.o(.bss.snapshot_buff)
    together                                 0x20012d58   Data           4  ov7670.o(.bss.together)
    tx_buff                                  0x20012d5c   Data       50132  main.o(.bss.tx_buff)
    tx_buff_len                              0x2001f130   Data           4  main.o(.bss.tx_buff_len)
    uwTick                                   0x2001f134   Data           4  stm32f4xx_hal.o(.bss.uwTick)



==============================================================================

Memory Map of the image

  Image Entry point : 0x080001c5

  Load Region LR_IROM1 (Base: 0x08000000, Size: 0x00005be0, Max: 0x00080000, ABSOLUTE)

    Execution Region ER_IROM1 (Exec base: 0x08000000, Load base: 0x08000000, Size: 0x00005bd0, Max: 0x00080000, ABSOLUTE)

    Exec Addr    Load Addr    Size         Type   Attr      Idx    E Section Name        Object

    0x08000000   0x08000000   0x000001c4   Data   RO            3    RESET               startup_stm32f446xx.o
    0x080001c4   0x080001c4   0x00000008   Code   RO         1571  * !!!main             c_w.l(__main.o)
    0x080001cc   0x080001cc   0x0000005c   Code   RO         1799    !!!scatter          c_w.l(__scatter.o)
    0x08000228   0x08000228   0x0000001a   Code   RO         1803    !!handler_copy      c_w.l(__scatter_copy.o)
    0x08000242   0x08000242   0x00000002   PAD
    0x08000244   0x08000244   0x00000002   Code   RO         1800    !!handler_null      c_w.l(__scatter.o)
    0x08000246   0x08000246   0x00000002   PAD
    0x08000248   0x08000248   0x0000001c   Code   RO         1805    !!handler_zi        c_w.l(__scatter_zi.o)
    0x08000264   0x08000264   0x00000000   Code   RO         1564    .ARM.Collect$$_printf_percent$$00000000  c_w.l(_printf_percent.o)
    0x08000264   0x08000264   0x00000006   Code   RO         1563    .ARM.Collect$$_printf_percent$$0000000C  c_w.l(_printf_x.o)
    0x0800026a   0x0800026a   0x00000004   Code   RO         1609    .ARM.Collect$$_printf_percent$$00000017  c_w.l(_printf_percent_end.o)
    0x0800026e   0x0800026e   0x00000002   Code   RO         1734    .ARM.Collect$$libinit$$00000000  c_w.l(libinit.o)
    0x08000270   0x08000270   0x00000004   Code   RO         1614    .ARM.Collect$$libinit$$00000001  c_w.l(libinit2.o)
    0x08000274   0x08000274   0x00000000   Code   RO         1617    .ARM.Collect$$libinit$$00000004  c_w.l(libinit2.o)
    0x08000274   0x08000274   0x00000000   Code   RO         1619    .ARM.Collect$$libinit$$00000006  c_w.l(libinit2.o)
    0x08000274   0x08000274   0x00000008   Code   RO         1620    .ARM.Collect$$libinit$$00000007  c_w.l(libinit2.o)
    0x0800027c   0x0800027c   0x00000000   Code   RO         1622    .ARM.Collect$$libinit$$0000000C  c_w.l(libinit2.o)
    0x0800027c   0x0800027c   0x00000000   Code   RO         1624    .ARM.Collect$$libinit$$0000000E  c_w.l(libinit2.o)
    0x0800027c   0x0800027c   0x00000000   Code   RO         1626    .ARM.Collect$$libinit$$00000010  c_w.l(libinit2.o)
    0x0800027c   0x0800027c   0x00000000   Code   RO         1629    .ARM.Collect$$libinit$$00000013  c_w.l(libinit2.o)
    0x0800027c   0x0800027c   0x00000000   Code   RO         1631    .ARM.Collect$$libinit$$00000015  c_w.l(libinit2.o)
    0x0800027c   0x0800027c   0x00000000   Code   RO         1633    .ARM.Collect$$libinit$$00000017  c_w.l(libinit2.o)
    0x0800027c   0x0800027c   0x00000000   Code   RO         1635    .ARM.Collect$$libinit$$00000019  c_w.l(libinit2.o)
    0x0800027c   0x0800027c   0x00000000   Code   RO         1637    .ARM.Collect$$libinit$$0000001B  c_w.l(libinit2.o)
    0x0800027c   0x0800027c   0x00000000   Code   RO         1639    .ARM.Collect$$libinit$$0000001D  c_w.l(libinit2.o)
    0x0800027c   0x0800027c   0x00000000   Code   RO         1641    .ARM.Collect$$libinit$$0000001F  c_w.l(libinit2.o)
    0x0800027c   0x0800027c   0x00000000   Code   RO         1643    .ARM.Collect$$libinit$$00000021  c_w.l(libinit2.o)
    0x0800027c   0x0800027c   0x00000000   Code   RO         1645    .ARM.Collect$$libinit$$00000023  c_w.l(libinit2.o)
    0x0800027c   0x0800027c   0x00000000   Code   RO         1647    .ARM.Collect$$libinit$$00000025  c_w.l(libinit2.o)
    0x0800027c   0x0800027c   0x00000000   Code   RO         1649    .ARM.Collect$$libinit$$00000027  c_w.l(libinit2.o)
    0x0800027c   0x0800027c   0x00000000   Code   RO         1653    .ARM.Collect$$libinit$$0000002E  c_w.l(libinit2.o)
    0x0800027c   0x0800027c   0x00000000   Code   RO         1655    .ARM.Collect$$libinit$$00000030  c_w.l(libinit2.o)
    0x0800027c   0x0800027c   0x00000000   Code   RO         1657    .ARM.Collect$$libinit$$00000032  c_w.l(libinit2.o)
    0x0800027c   0x0800027c   0x00000000   Code   RO         1659    .ARM.Collect$$libinit$$00000034  c_w.l(libinit2.o)
    0x0800027c   0x0800027c   0x00000002   Code   RO         1660    .ARM.Collect$$libinit$$00000035  c_w.l(libinit2.o)
    0x0800027e   0x0800027e   0x00000002   Code   RO         1796    .ARM.Collect$$libshutdown$$00000000  c_w.l(libshutdown.o)
    0x08000280   0x08000280   0x00000000   Code   RO         1752    .ARM.Collect$$libshutdown$$00000002  c_w.l(libshutdown2.o)
    0x08000280   0x08000280   0x00000000   Code   RO         1754    .ARM.Collect$$libshutdown$$00000004  c_w.l(libshutdown2.o)
    0x08000280   0x08000280   0x00000000   Code   RO         1757    .ARM.Collect$$libshutdown$$00000007  c_w.l(libshutdown2.o)
    0x08000280   0x08000280   0x00000000   Code   RO         1760    .ARM.Collect$$libshutdown$$0000000A  c_w.l(libshutdown2.o)
    0x08000280   0x08000280   0x00000000   Code   RO         1762    .ARM.Collect$$libshutdown$$0000000C  c_w.l(libshutdown2.o)
    0x08000280   0x08000280   0x00000000   Code   RO         1765    .ARM.Collect$$libshutdown$$0000000F  c_w.l(libshutdown2.o)
    0x08000280   0x08000280   0x00000002   Code   RO         1766    .ARM.Collect$$libshutdown$$00000010  c_w.l(libshutdown2.o)
    0x08000282   0x08000282   0x00000000   Code   RO         1575    .ARM.Collect$$rtentry$$00000000  c_w.l(__rtentry.o)
    0x08000282   0x08000282   0x00000000   Code   RO         1669    .ARM.Collect$$rtentry$$00000002  c_w.l(__rtentry2.o)
    0x08000282   0x08000282   0x00000006   Code   RO         1681    .ARM.Collect$$rtentry$$00000004  c_w.l(__rtentry4.o)
    0x08000288   0x08000288   0x00000000   Code   RO         1671    .ARM.Collect$$rtentry$$00000009  c_w.l(__rtentry2.o)
    0x08000288   0x08000288   0x00000004   Code   RO         1672    .ARM.Collect$$rtentry$$0000000A  c_w.l(__rtentry2.o)
    0x0800028c   0x0800028c   0x00000000   Code   RO         1674    .ARM.Collect$$rtentry$$0000000C  c_w.l(__rtentry2.o)
    0x0800028c   0x0800028c   0x00000008   Code   RO         1675    .ARM.Collect$$rtentry$$0000000D  c_w.l(__rtentry2.o)
    0x08000294   0x08000294   0x00000002   Code   RO         1739    .ARM.Collect$$rtexit$$00000000  c_w.l(rtexit.o)
    0x08000296   0x08000296   0x00000000   Code   RO         1772    .ARM.Collect$$rtexit$$00000002  c_w.l(rtexit2.o)
    0x08000296   0x08000296   0x00000004   Code   RO         1773    .ARM.Collect$$rtexit$$00000003  c_w.l(rtexit2.o)
    0x0800029a   0x0800029a   0x00000006   Code   RO         1774    .ARM.Collect$$rtexit$$00000004  c_w.l(rtexit2.o)
    0x080002a0   0x080002a0   0x00000040   Code   RO            4    .text               startup_stm32f446xx.o
    0x080002e0   0x080002e0   0x0000005e   Code   RO         1456    .text               c_w.l(h1_alloc.o)
    0x0800033e   0x0800033e   0x0000004e   Code   RO         1458    .text               c_w.l(h1_free.o)
    0x0800038c   0x0800038c   0x000000f0   Code   RO         1514    .text               c_w.l(lludivv7m.o)
    0x0800047c   0x0800047c   0x00000028   Code   RO         1518    .text               c_w.l(noretval__2sprintf.o)
    0x080004a4   0x080004a4   0x00000068   Code   RO         1520    .text               c_w.l(__printf.o)
    0x0800050c   0x0800050c   0x00000058   Code   RO         1525    .text               c_w.l(_printf_hex_int.o)
    0x08000564   0x08000564   0x0000003e   Code   RO         1565    .text               c_w.l(strlen.o)
    0x080005a2   0x080005a2   0x0000004e   Code   RO         1567    .text               c_w.l(rt_memclr_w.o)
    0x080005f0   0x080005f0   0x00000006   Code   RO         1569    .text               c_w.l(heapauxi.o)
    0x080005f6   0x080005f6   0x00000002   PAD
    0x080005f8   0x080005f8   0x00000008   Code   RO         1583    .text               c_w.l(rt_heap_descriptor_intlibspace.o)
    0x08000600   0x08000600   0x00000004   Code   RO         1585    .text               c_w.l(hguard.o)
    0x08000604   0x08000604   0x0000008a   Code   RO         1587    .text               c_w.l(init_alloc.o)
    0x0800068e   0x0800068e   0x0000000c   Code   RO         1591    .text               c_w.l(h1_init.o)
    0x0800069a   0x0800069a   0x000000b2   Code   RO         1603    .text               c_w.l(_printf_intcommon.o)
    0x0800074c   0x0800074c   0x00000030   Code   RO         1605    .text               c_w.l(_printf_char_common.o)
    0x0800077c   0x0800077c   0x0000000a   Code   RO         1607    .text               c_w.l(_sputc.o)
    0x08000786   0x08000786   0x00000002   PAD
    0x08000788   0x08000788   0x00000008   Code   RO         1665    .text               c_w.l(libspace.o)
    0x08000790   0x08000790   0x00000000   Code   RO         1687    .text               c_w.l(maybetermalloc1.o)
    0x08000790   0x08000790   0x00000034   Code   RO         1689    .text               c_w.l(h1_extend.o)
    0x080007c4   0x080007c4   0x0000000e   Code   RO         1695    .text               c_w.l(defsig_rtmem_outer.o)
    0x080007d2   0x080007d2   0x00000002   Code   RO         1706    .text               c_w.l(use_no_semi.o)
    0x080007d4   0x080007d4   0x00000000   Code   RO         1708    .text               c_w.l(indicate_semi.o)
    0x080007d4   0x080007d4   0x0000004a   Code   RO         1709    .text               c_w.l(sys_stackheap_outer.o)
    0x0800081e   0x0800081e   0x00000012   Code   RO         1715    .text               c_w.l(exit.o)
    0x08000830   0x08000830   0x0000000a   Code   RO         1717    .text               c_w.l(defsig_exit.o)
    0x0800083a   0x0800083a   0x00000002   PAD
    0x0800083c   0x0800083c   0x00000050   Code   RO         1723    .text               c_w.l(defsig_rtmem_inner.o)
    0x0800088c   0x0800088c   0x0000000c   Code   RO         1735    .text               c_w.l(sys_exit.o)
    0x08000898   0x08000898   0x00000032   Code   RO         1747    .text               c_w.l(defsig_general.o)
    0x080008ca   0x080008ca   0x0000000e   Code   RO         1767    .text               c_w.l(sys_wrch.o)
    0x080008d8   0x080008d8   0x00000002   Code   RO          104    .text.BusFault_Handler  stm32f4xx_it.o
    0x080008da   0x080008da   0x00000002   PAD
    0x080008dc   0x080008dc   0x00000014   Code   RO          183    .text.DCMI_DMAError  stm32f4xx_hal_dcmi.o
    0x080008f0   0x080008f0   0x00000086   Code   RO          181    .text.DCMI_DMAXferCplt  stm32f4xx_hal_dcmi.o
    0x08000976   0x08000976   0x00000002   PAD
    0x08000978   0x08000978   0x0000000c   Code   RO          126    .text.DCMI_IRQHandler  stm32f4xx_it.o
    0x08000984   0x08000984   0x00000018   Code   RO          116    .text.DMA1_Stream3_IRQHandler  stm32f4xx_it.o
    0x0800099c   0x0800099c   0x00000018   Code   RO          124    .text.DMA2_Stream1_IRQHandler  stm32f4xx_it.o
    0x080009b4   0x080009b4   0x00000002   Code   RO          110    .text.DebugMon_Handler  stm32f4xx_it.o
    0x080009b6   0x080009b6   0x00000002   PAD
    0x080009b8   0x080009b8   0x00000008   Code   RO          120    .text.EXTI15_10_IRQHandler  stm32f4xx_it.o
    0x080009c0   0x080009c0   0x0000000a   Code   RO           38    .text.Error_Handler  config.o
    0x080009ca   0x080009ca   0x00000002   PAD
    0x080009cc   0x080009cc   0x00000002   Code   RO          199    .text.HAL_DCMI_ErrorCallback  stm32f4xx_hal_dcmi.o
    0x080009ce   0x080009ce   0x00000002   PAD
    0x080009d0   0x080009d0   0x00000002   Code   RO          197    .text.HAL_DCMI_FrameEventCallback  stm32f4xx_hal_dcmi.o
    0x080009d2   0x080009d2   0x00000002   PAD
    0x080009d4   0x080009d4   0x000000a2   Code   RO          191    .text.HAL_DCMI_IRQHandler  stm32f4xx_hal_dcmi.o
    0x08000a76   0x08000a76   0x00000002   PAD
    0x08000a78   0x08000a78   0x0000009c   Code   RO          221    .text.HAL_DCMI_Init  stm32f4xx_hal_dcmi_ex.o
    0x08000b14   0x08000b14   0x00000002   Code   RO          193    .text.HAL_DCMI_LineEventCallback  stm32f4xx_hal_dcmi.o
    0x08000b16   0x08000b16   0x00000002   PAD
    0x08000b18   0x08000b18   0x00000194   Code   RO          137    .text.HAL_DCMI_MspInit  stm32f4xx_hal_msp.o
    0x08000cac   0x08000cac   0x0000002e   Code   RO          189    .text.HAL_DCMI_Resume  stm32f4xx_hal_dcmi.o
    0x08000cda   0x08000cda   0x00000002   PAD
    0x08000cdc   0x08000cdc   0x00000108   Code   RO          179    .text.HAL_DCMI_Start_DMA  stm32f4xx_hal_dcmi.o
    0x08000de4   0x08000de4   0x000000aa   Code   RO          185    .text.HAL_DCMI_Stop  stm32f4xx_hal_dcmi.o
    0x08000e8e   0x08000e8e   0x00000002   PAD
    0x08000e90   0x08000e90   0x000000ae   Code   RO          187    .text.HAL_DCMI_Suspend  stm32f4xx_hal_dcmi.o
    0x08000f3e   0x08000f3e   0x00000002   PAD
    0x08000f40   0x08000f40   0x00000002   Code   RO          195    .text.HAL_DCMI_VsyncEventCallback  stm32f4xx_hal_dcmi.o
    0x08000f42   0x08000f42   0x00000002   PAD
    0x08000f44   0x08000f44   0x00000014   Code   RO          402    .text.HAL_DMAEx_ChangeMemory  stm32f4xx_hal_dma_ex.o
    0x08000f58   0x08000f58   0x000004d8   Code   RO          400    .text.HAL_DMAEx_MultiBufferStart_IT  stm32f4xx_hal_dma_ex.o
    0x08001430   0x08001430   0x0000008e   Code   RO          420    .text.HAL_DMA_Abort  stm32f4xx_hal_dma.o
    0x080014be   0x080014be   0x00000002   PAD
    0x080014c0   0x080014c0   0x00000024   Code   RO          422    .text.HAL_DMA_Abort_IT  stm32f4xx_hal_dma.o
    0x080014e4   0x080014e4   0x000001c0   Code   RO          426    .text.HAL_DMA_IRQHandler  stm32f4xx_hal_dma.o
    0x080016a4   0x080016a4   0x00000162   Code   RO          412    .text.HAL_DMA_Init  stm32f4xx_hal_dma.o
    0x08001806   0x08001806   0x00000002   PAD
    0x08001808   0x08001808   0x000000a2   Code   RO          418    .text.HAL_DMA_Start_IT  stm32f4xx_hal_dma.o
    0x080018aa   0x080018aa   0x00000002   PAD
    0x080018ac   0x080018ac   0x00000028   Code   RO          579    .text.HAL_Delay     stm32f4xx_hal.o
    0x080018d4   0x080018d4   0x00000002   Code   RO          388    .text.HAL_GPIO_EXTI_Callback  stm32f4xx_hal_gpio.o
    0x080018d6   0x080018d6   0x00000002   PAD
    0x080018d8   0x080018d8   0x00000016   Code   RO          386    .text.HAL_GPIO_EXTI_IRQHandler  stm32f4xx_hal_gpio.o
    0x080018ee   0x080018ee   0x00000002   PAD
    0x080018f0   0x080018f0   0x0000019e   Code   RO          374    .text.HAL_GPIO_Init  stm32f4xx_hal_gpio.o
    0x08001a8e   0x08001a8e   0x00000002   PAD
    0x08001a90   0x08001a90   0x0000000a   Code   RO          380    .text.HAL_GPIO_WritePin  stm32f4xx_hal_gpio.o
    0x08001a9a   0x08001a9a   0x00000002   PAD
    0x08001a9c   0x08001a9c   0x0000000c   Code   RO          571    .text.HAL_GetTick   stm32f4xx_hal.o
    0x08001aa8   0x08001aa8   0x00000164   Code   RO          649    .text.HAL_I2C_Init  stm32f4xx_hal_i2c.o
    0x08001c0c   0x08001c0c   0x00000606   Code   RO          663    .text.HAL_I2C_Master_Receive  stm32f4xx_hal_i2c.o
    0x08002212   0x08002212   0x00000002   PAD
    0x08002214   0x08002214   0x00000432   Code   RO          657    .text.HAL_I2C_Master_Transmit  stm32f4xx_hal_i2c.o
    0x08002646   0x08002646   0x00000002   PAD
    0x08002648   0x08002648   0x00000068   Code   RO          141    .text.HAL_I2C_MspInit  stm32f4xx_hal_msp.o
    0x080026b0   0x080026b0   0x0000001a   Code   RO          569    .text.HAL_IncTick   stm32f4xx_hal.o
    0x080026ca   0x080026ca   0x00000002   PAD
    0x080026cc   0x080026cc   0x00000036   Code   RO          559    .text.HAL_Init      stm32f4xx_hal.o
    0x08002702   0x08002702   0x00000002   PAD
    0x08002704   0x08002704   0x00000048   Code   RO          561    .text.HAL_InitTick  stm32f4xx_hal.o
    0x0800274c   0x0800274c   0x00000038   Code   RO          135    .text.HAL_MspInit   stm32f4xx_hal_msp.o
    0x08002784   0x08002784   0x00000022   Code   RO          517    .text.HAL_NVIC_EnableIRQ  stm32f4xx_hal_cortex.o
    0x080027a6   0x080027a6   0x00000002   PAD
    0x080027a8   0x080027a8   0x00000056   Code   RO          515    .text.HAL_NVIC_SetPriority  stm32f4xx_hal_cortex.o
    0x080027fe   0x080027fe   0x00000002   PAD
    0x08002800   0x08002800   0x00000020   Code   RO          513    .text.HAL_NVIC_SetPriorityGrouping  stm32f4xx_hal_cortex.o
    0x08002820   0x08002820   0x00000026   Code   RO         1316    .text.HAL_PCDEx_ActivateLPM  stm32f4xx_hal_pcd_ex.o
    0x08002846   0x08002846   0x00000002   PAD
    0x08002848   0x08002848   0x0000014a   Code   RO         1234    .text.HAL_PCD_Init  stm32f4xx_hal_pcd.o
    0x08002992   0x08002992   0x00000002   PAD
    0x08002994   0x08002994   0x000000a4   Code   RO          159    .text.HAL_PCD_MspInit  stm32f4xx_hal_msp.o
    0x08002a38   0x08002a38   0x0000043e   Code   RO          266    .text.HAL_RCCEx_PeriphCLKConfig  stm32f4xx_hal_rcc_ex.o
    0x08002e76   0x08002e76   0x00000002   PAD
    0x08002e78   0x08002e78   0x00000164   Code   RO          234    .text.HAL_RCC_ClockConfig  stm32f4xx_hal_rcc.o
    0x08002fdc   0x08002fdc   0x00000026   Code   RO          246    .text.HAL_RCC_GetPCLK1Freq  stm32f4xx_hal_rcc.o
    0x08003002   0x08003002   0x00000002   PAD
    0x08003004   0x08003004   0x00000026   Code   RO          248    .text.HAL_RCC_GetPCLK2Freq  stm32f4xx_hal_rcc.o
    0x0800302a   0x0800302a   0x00000002   PAD
    0x0800302c   0x0800302c   0x000000a2   Code   RO          282    .text.HAL_RCC_GetSysClockFreq  stm32f4xx_hal_rcc_ex.o
    0x080030ce   0x080030ce   0x00000002   PAD
    0x080030d0   0x080030d0   0x000003e0   Code   RO          286    .text.HAL_RCC_OscConfig  stm32f4xx_hal_rcc_ex.o
    0x080034b0   0x080034b0   0x0000002c   Code   RO          525    .text.HAL_SYSTICK_Config  stm32f4xx_hal_cortex.o
    0x080034dc   0x080034dc   0x00000002   Code   RO         1100    .text.HAL_TIMEx_BreakCallback  stm32f4xx_hal_tim_ex.o
    0x080034de   0x080034de   0x00000002   PAD
    0x080034e0   0x080034e0   0x00000002   Code   RO         1096    .text.HAL_TIMEx_CommutCallback  stm32f4xx_hal_tim_ex.o
    0x080034e2   0x080034e2   0x00000002   PAD
    0x080034e4   0x080034e4   0x00000050   Code   RO         1092    .text.HAL_TIMEx_ConfigBreakDeadTime  stm32f4xx_hal_tim_ex.o
    0x08003534   0x08003534   0x000000ba   Code   RO         1090    .text.HAL_TIMEx_MasterConfigSynchronization  stm32f4xx_hal_tim_ex.o
    0x080035ee   0x080035ee   0x00000002   PAD
    0x080035f0   0x080035f0   0x0000005a   Code   RO          795    .text.HAL_TIM_Base_Init  stm32f4xx_hal_tim.o
    0x0800364a   0x0800364a   0x00000002   PAD
    0x0800364c   0x0800364c   0x00000048   Code   RO          147    .text.HAL_TIM_Base_MspInit  stm32f4xx_hal_msp.o
    0x08003694   0x08003694   0x00000002   Code   RO          931    .text.HAL_TIM_IC_CaptureCallback  stm32f4xx_hal_tim.o
    0x08003696   0x08003696   0x00000002   PAD
    0x08003698   0x08003698   0x00000170   Code   RO          929    .text.HAL_TIM_IRQHandler  stm32f4xx_hal_tim.o
    0x08003808   0x08003808   0x00000054   Code   RO          149    .text.HAL_TIM_MspPostInit  stm32f4xx_hal_msp.o
    0x0800385c   0x0800385c   0x00000002   Code   RO          933    .text.HAL_TIM_OC_DelayElapsedCallback  stm32f4xx_hal_tim.o
    0x0800385e   0x0800385e   0x00000002   PAD
    0x08003860   0x08003860   0x00000224   Code   RO          949    .text.HAL_TIM_PWM_ConfigChannel  stm32f4xx_hal_tim.o
    0x08003a84   0x08003a84   0x0000005a   Code   RO          849    .text.HAL_TIM_PWM_Init  stm32f4xx_hal_tim.o
    0x08003ade   0x08003ade   0x00000002   PAD
    0x08003ae0   0x08003ae0   0x00000032   Code   RO          145    .text.HAL_TIM_PWM_MspInit  stm32f4xx_hal_msp.o
    0x08003b12   0x08003b12   0x00000002   PAD
    0x08003b14   0x08003b14   0x00000002   Code   RO          935    .text.HAL_TIM_PWM_PulseFinishedCallback  stm32f4xx_hal_tim.o
    0x08003b16   0x08003b16   0x00000002   PAD
    0x08003b18   0x08003b18   0x0000011e   Code   RO          857    .text.HAL_TIM_PWM_Start  stm32f4xx_hal_tim.o
    0x08003c36   0x08003c36   0x00000002   PAD
    0x08003c38   0x08003c38   0x00000002   Code   RO          937    .text.HAL_TIM_PeriodElapsedCallback  stm32f4xx_hal_tim.o
    0x08003c3a   0x08003c3a   0x00000002   PAD
    0x08003c3c   0x08003c3c   0x00000002   Code   RO          939    .text.HAL_TIM_TriggerCallback  stm32f4xx_hal_tim.o
    0x08003c3e   0x08003c3e   0x00000002   PAD
    0x08003c40   0x08003c40   0x00000002   Code   RO         1198    .text.HAL_UARTEx_RxEventCallback  stm32f4xx_hal_uart.o
    0x08003c42   0x08003c42   0x00000002   PAD
    0x08003c44   0x08003c44   0x00000002   Code   RO         1196    .text.HAL_UART_ErrorCallback  stm32f4xx_hal_uart.o
    0x08003c46   0x08003c46   0x00000002   PAD
    0x08003c48   0x08003c48   0x0000000e   Code   RO         1218    .text.HAL_UART_GetState  stm32f4xx_hal_uart.o
    0x08003c56   0x08003c56   0x00000002   PAD
    0x08003c58   0x08003c58   0x0000055c   Code   RO         1190    .text.HAL_UART_IRQHandler  stm32f4xx_hal_uart.o
    0x080041b4   0x080041b4   0x0000005e   Code   RO         1114    .text.HAL_UART_Init  stm32f4xx_hal_uart.o
    0x08004212   0x08004212   0x00000002   PAD
    0x08004214   0x08004214   0x000000c0   Code   RO          155    .text.HAL_UART_MspInit  stm32f4xx_hal_msp.o
    0x080042d4   0x080042d4   0x00000002   Code   RO         1204    .text.HAL_UART_RxCpltCallback  stm32f4xx_hal_uart.o
    0x080042d6   0x080042d6   0x00000002   PAD
    0x080042d8   0x080042d8   0x000000c2   Code   RO         1140    .text.HAL_UART_Transmit_DMA  stm32f4xx_hal_uart.o
    0x0800439a   0x0800439a   0x00000002   PAD
    0x0800439c   0x0800439c   0x00000002   Code   RO         1200    .text.HAL_UART_TxCpltCallback  stm32f4xx_hal_uart.o
    0x0800439e   0x0800439e   0x00000002   PAD
    0x080043a0   0x080043a0   0x00000002   Code   RO         1202    .text.HAL_UART_TxHalfCpltCallback  stm32f4xx_hal_uart.o
    0x080043a2   0x080043a2   0x00000002   PAD
    0x080043a4   0x080043a4   0x00000002   Code   RO          100    .text.HardFault_Handler  stm32f4xx_it.o
    0x080043a6   0x080043a6   0x00000002   PAD
    0x080043a8   0x080043a8   0x0000003e   Code   RO           40    .text.MX_DCMI_Init  config.o
    0x080043e6   0x080043e6   0x00000002   PAD
    0x080043e8   0x080043e8   0x0000005c   Code   RO           52    .text.MX_DMA_Init   config.o
    0x08004444   0x08004444   0x00000142   Code   RO           54    .text.MX_GPIO_Init  config.o
    0x08004586   0x08004586   0x00000002   PAD
    0x08004588   0x08004588   0x00000042   Code   RO           42    .text.MX_I2C2_Init  config.o
    0x080045ca   0x080045ca   0x00000002   PAD
    0x080045cc   0x080045cc   0x000000c4   Code   RO           44    .text.MX_TIM1_Init  config.o
    0x08004690   0x08004690   0x00000058   Code   RO           46    .text.MX_TIM6_Init  config.o
    0x080046e8   0x080046e8   0x0000003e   Code   RO           48    .text.MX_USART3_UART_Init  config.o
    0x08004726   0x08004726   0x00000002   PAD
    0x08004728   0x08004728   0x0000003e   Code   RO           50    .text.MX_USB_OTG_FS_PCD_Init  config.o
    0x08004766   0x08004766   0x00000002   PAD
    0x08004768   0x08004768   0x00000002   Code   RO          102    .text.MemManage_Handler  stm32f4xx_it.o
    0x0800476a   0x0800476a   0x00000002   PAD
    0x0800476c   0x0800476c   0x00000002   Code   RO           98    .text.NMI_Handler   stm32f4xx_it.o
    0x0800476e   0x0800476e   0x00000002   PAD
    0x08004770   0x08004770   0x00000002   Code   RO          112    .text.PendSV_Handler  stm32f4xx_it.o
    0x08004772   0x08004772   0x00000002   PAD
    0x08004774   0x08004774   0x00000002   Code   RO          108    .text.SVC_Handler   stm32f4xx_it.o
    0x08004776   0x08004776   0x00000002   PAD
    0x08004778   0x08004778   0x00000004   Code   RO          114    .text.SysTick_Handler  stm32f4xx_it.o
    0x0800477c   0x0800477c   0x000000b4   Code   RO           36    .text.SystemClock_Config  config.o
    0x08004830   0x08004830   0x00000012   Code   RO         1436    .text.SystemInit    system_stm32f4xx.o
    0x08004842   0x08004842   0x00000002   PAD
    0x08004844   0x08004844   0x0000000c   Code   RO          122    .text.TIM6_DAC_IRQHandler  stm32f4xx_it.o
    0x08004850   0x08004850   0x0000013c   Code   RO          799    .text.TIM_Base_SetConfig  stm32f4xx_hal_tim.o
    0x0800498c   0x0800498c   0x0000000c   Code   RO         1194    .text.UART_DMAAbortOnError  stm32f4xx_hal_uart.o
    0x08004998   0x08004998   0x0000017c   Code   RO         1146    .text.UART_DMAError  stm32f4xx_hal_uart.o
    0x08004b14   0x08004b14   0x000000b0   Code   RO         1142    .text.UART_DMATransmitCplt  stm32f4xx_hal_uart.o
    0x08004bc4   0x08004bc4   0x00000006   Code   RO         1144    .text.UART_DMATxHalfCplt  stm32f4xx_hal_uart.o
    0x08004bca   0x08004bca   0x00000002   PAD
    0x08004bcc   0x08004bcc   0x000000fe   Code   RO         1192    .text.UART_Receive_IT  stm32f4xx_hal_uart.o
    0x08004cca   0x08004cca   0x00000002   PAD
    0x08004ccc   0x08004ccc   0x000000ee   Code   RO         1118    .text.UART_SetConfig  stm32f4xx_hal_uart.o
    0x08004dba   0x08004dba   0x00000002   PAD
    0x08004dbc   0x08004dbc   0x0000000c   Code   RO          118    .text.USART3_IRQHandler  stm32f4xx_it.o
    0x08004dc8   0x08004dc8   0x000001de   Code   RO         1332    .text.USB_CoreInit  stm32f4xx_ll_usb.o
    0x08004fa6   0x08004fa6   0x00000002   PAD
    0x08004fa8   0x08004fa8   0x0000001e   Code   RO         1382    .text.USB_DevDisconnect  stm32f4xx_ll_usb.o
    0x08004fc6   0x08004fc6   0x00000002   PAD
    0x08004fc8   0x08004fc8   0x00000486   Code   RO         1344    .text.USB_DevInit   stm32f4xx_ll_usb.o
    0x0800544e   0x0800544e   0x00000002   PAD
    0x08005450   0x08005450   0x0000000e   Code   RO         1338    .text.USB_DisableGlobalInt  stm32f4xx_ll_usb.o
    0x0800545e   0x0800545e   0x00000002   PAD
    0x08005460   0x08005460   0x00000064   Code   RO         1340    .text.USB_SetCurrentMode  stm32f4xx_ll_usb.o
    0x080054c4   0x080054c4   0x00000002   Code   RO          106    .text.UsageFault_Handler  stm32f4xx_it.o
    0x080054c6   0x080054c6   0x00000002   PAD
    0x080054c8   0x080054c8   0x000003e6   Code   RO           72    .text.main          main.o
    0x080058ae   0x080058ae   0x00000002   PAD
    0x080058b0   0x080058b0   0x0000004a   Code   RO           19    .text.ov7670_capture  ov7670.o
    0x080058fa   0x080058fa   0x00000002   PAD
    0x080058fc   0x080058fc   0x00000124   Code   RO           11    .text.ov7670_init   ov7670.o
    0x08005a20   0x08005a20   0x0000001c   Code   RO           32    .text.print_msg     config.o
    0x08005a3c   0x08005a3c   0x00000012   Code   RO           34    .text.uart_send_bin  config.o
    0x08005a4e   0x08005a4e   0x0000001a   Code   RO         1704    x$fpl$fpinit        fz_wm.l(fpinit.o)
    0x08005a68   0x08005a68   0x00000028   Data   RO         1526    .constdata          c_w.l(_printf_hex_int.o)
    0x08005a90   0x08005a90   0x00000010   Data   RO         1441    .rodata.AHBPrescTable  system_stm32f4xx.o
    0x08005aa0   0x08005aa0   0x00000008   Data   RO         1442    .rodata.APBPrescTable  system_stm32f4xx.o
    0x08005aa8   0x08005aa8   0x000000f4   Data   RO           21    .rodata.OV7670_reg  ov7670.o
    0x08005b9c   0x08005b9c   0x00000008   Data   RO          436    .rodata.cst8        stm32f4xx_hal_dma.o
    0x08005ba4   0x08005ba4   0x0000000a   Data   RO           22    .rodata.str1.1      ov7670.o
    0x08005bae   0x08005bae   0x00000002   PAD
    0x08005bb0   0x08005bb0   0x00000020   Data   RO         1798    Region$$Table       anon$$obj.o


    Execution Region RW_IRAM1 (Exec base: 0x20000000, Load base: 0x08005bd0, Size: 0x0001f738, Max: 0x00020000, ABSOLUTE)

    Exec Addr    Load Addr    Size         Type   Attr      Idx    E Section Name        Object

    0x20000000   0x08005bd0   0x00000008   Data   RW          614    .data..L_MergedGlobals  stm32f4xx_hal.o
    0x20000008   0x08005bd8   0x00000004   Data   RW         1440    .data.SystemCoreClock  system_stm32f4xx.o
    0x2000000c   0x08005bdc   0x00000004   PAD
    0x20000010        -       0x00000060   Zero   RW         1666    .bss                c_w.l(libspace.o)
    0x20000070        -       0x00000001   Zero   RW           84    .bss.dma2_flag      main.o
    0x20000071        -       0x00000001   Zero   RW           83    .bss.dma_flag       main.o
    0x20000072   0x08005bdc   0x00000002   PAD
    0x20000074        -       0x00000050   Zero   RW           57    .bss.hdcmi          config.o
    0x200000c4        -       0x00000060   Zero   RW           62    .bss.hdma_dcmi      config.o
    0x20000124        -       0x00000060   Zero   RW           63    .bss.hdma_usart3_tx  config.o
    0x20000184        -       0x00000054   Zero   RW           58    .bss.hi2c2          config.o
    0x200001d8        -       0x0000050c   Zero   RW           61    .bss.hpcd_USB_OTG_FS  config.o
    0x200006e4        -       0x00000048   Zero   RW           59    .bss.htim1          config.o
    0x2000072c        -       0x00000048   Zero   RW           60    .bss.htim6          config.o
    0x20000774        -       0x00000044   Zero   RW           56    .bss.huart3         config.o
    0x200007b8        -       0x000061e0   Zero   RW           88    .bss.previous_buff  main.o
    0x20006998        -       0x0000c3c0   Zero   RW           85    .bss.snapshot_buff  main.o
    0x20012d58        -       0x00000004   Zero   RW           23    .bss.together       ov7670.o
    0x20012d5c        -       0x0000c3d4   Zero   RW           86    .bss.tx_buff        main.o
    0x2001f130        -       0x00000004   Zero   RW           82    .bss.tx_buff_len    main.o
    0x2001f134        -       0x00000004   Zero   RW          613    .bss.uwTick         stm32f4xx_hal.o
    0x2001f138        -       0x00000200   Zero   RW            2    HEAP                startup_stm32f446xx.o
    0x2001f338        -       0x00000400   Zero   RW            1    STACK               startup_stm32f446xx.o


==============================================================================

Image component sizes


      Code (inc. data)   RO Data    RW Data    ZI Data      Debug   Object Name

      1186          0          0          0       1860      17898   config.o
       998          0          0          0     125306      10495   main.o
       366         40        254          0          4       5472   ov7670.o
        64         26        452          0       1536        852   startup_stm32f446xx.o
       204          0          0          8          4       7488   stm32f4xx_hal.o
       196          0          0          0          0      10564   stm32f4xx_hal_cortex.o
       978          0          0          0          0       8971   stm32f4xx_hal_dcmi.o
       156          0          0          0          0       3594   stm32f4xx_hal_dcmi_ex.o
      1142          6          8          0          0      10729   stm32f4xx_hal_dma.o
      1260          0          0          0          0       4809   stm32f4xx_hal_dma_ex.o
       448          0          0          0          0       5441   stm32f4xx_hal_gpio.o
      2972          0          0          0          0      54884   stm32f4xx_hal_i2c.o
      1126          0          0          0          0      17986   stm32f4xx_hal_msp.o
       330          0          0          0          0      17071   stm32f4xx_hal_pcd.o
        38          0          0          0          0       5229   stm32f4xx_hal_pcd_ex.o
       432          0          0          0          0       7559   stm32f4xx_hal_rcc.o
      2240          4          0          0          0      11129   stm32f4xx_hal_rcc_ex.o
      1708          6          0          0          0      55475   stm32f4xx_hal_tim.o
       270          0          0          0          0      20981   stm32f4xx_hal_tim_ex.o
      2750          0          0          0          0      31810   stm32f4xx_hal_uart.o
       112          0          0          0          0       7452   stm32f4xx_it.o
      1780          0          0          0          0      36694   stm32f4xx_ll_usb.o
        18          0         24          4          0       2731   system_stm32f4xx.o

    ----------------------------------------------------------------------
     20918         82        772         12     128716     355314   Object Totals
         0          0         32          0          0          0   (incl. Generated)
       144          0          2          0          6          0   (incl. Padding)

    ----------------------------------------------------------------------

      Code (inc. data)   RO Data    RW Data    ZI Data      Debug   Library Member Name

         8          0          0          0          0         68   __main.o
       104          0          0          0          0         84   __printf.o
         0          0          0          0          0          0   __rtentry.o
        12          0          0          0          0          0   __rtentry2.o
         6          0          0          0          0          0   __rtentry4.o
        94          8          0          0          0          0   __scatter.o
        26          0          0          0          0          0   __scatter_copy.o
        28          0          0          0          0          0   __scatter_zi.o
        48          6          0          0          0         96   _printf_char_common.o
        88          4         40          0          0         88   _printf_hex_int.o
       178          0          0          0          0         88   _printf_intcommon.o
         0          0          0          0          0          0   _printf_percent.o
         4          0          0          0          0          0   _printf_percent_end.o
         6          0          0          0          0          0   _printf_x.o
        10          0          0          0          0         68   _sputc.o
        10          0          0          0          0         68   defsig_exit.o
        50          0          0          0          0         88   defsig_general.o
        80         58          0          0          0         76   defsig_rtmem_inner.o
        14          0          0          0          0         80   defsig_rtmem_outer.o
        18          0          0          0          0         80   exit.o
        94          0          0          0          0         80   h1_alloc.o
        52          0          0          0          0         68   h1_extend.o
        78          0          0          0          0         80   h1_free.o
        12          0          0          0          0         84   h1_init.o
         6          0          0          0          0        152   heapauxi.o
         4          0          0          0          0        136   hguard.o
         0          0          0          0          0          0   indicate_semi.o
       138          0          0          0          0        168   init_alloc.o
         2          0          0          0          0          0   libinit.o
        14          0          0          0          0          0   libinit2.o
         2          0          0          0          0          0   libshutdown.o
         2          0          0          0          0          0   libshutdown2.o
         8          4          0          0         96         68   libspace.o
       240          0          0          0          0        100   lludivv7m.o
         0          0          0          0          0          0   maybetermalloc1.o
        40          6          0          0          0         84   noretval__2sprintf.o
         8          4          0          0          0         68   rt_heap_descriptor_intlibspace.o
        78          0          0          0          0         80   rt_memclr_w.o
         2          0          0          0          0          0   rtexit.o
        10          0          0          0          0          0   rtexit2.o
        62          0          0          0          0         76   strlen.o
        12          4          0          0          0         68   sys_exit.o
        74          0          0          0          0         80   sys_stackheap_outer.o
        14          0          0          0          0         76   sys_wrch.o
         2          0          0          0          0         68   use_no_semi.o
        26          0          0          0          0        116   fpinit.o

    ----------------------------------------------------------------------
      1774         94         40          0         96       2536   Library Totals
        10          0          0          0          0          0   (incl. Padding)

    ----------------------------------------------------------------------

      Code (inc. data)   RO Data    RW Data    ZI Data      Debug   Library Name

      1738         94         40          0         96       2420   c_w.l
        26          0          0          0          0        116   fz_wm.l

    ----------------------------------------------------------------------
      1774         94         40          0         96       2536   Library Totals

    ----------------------------------------------------------------------

==============================================================================


      Code (inc. data)   RO Data    RW Data    ZI Data      Debug   

     22692        176        812         12     128812     356198   Grand Totals
     22692        176        812         12     128812     356198   ELF Image Totals
     22692        176        812         12          0          0   ROM Totals

==============================================================================

    Total RO  Size (Code + RO Data)                23504 (  22.95kB)
    Total RW  Size (RW Data + ZI Data)            128824 ( 125.80kB)
    Total ROM Size (Code + RO Data + RW Data)      23516 (  22.96kB)

==============================================================================

